Archive member included because of file (symbol)

d:/coocox/bin/../lib/gcc/arm-none-eabi/4.8.3/../../../../arm-none-eabi/lib/armv7e-m\libm.a(lib_a-w_acos.o)
                              ..\obj\main.o (acos)
d:/coocox/bin/../lib/gcc/arm-none-eabi/4.8.3/../../../../arm-none-eabi/lib/armv7e-m\libm.a(lib_a-e_acos.o)
                              d:/coocox/bin/../lib/gcc/arm-none-eabi/4.8.3/../../../../arm-none-eabi/lib/armv7e-m\libm.a(lib_a-w_acos.o) (__ieee754_acos)
d:/coocox/bin/../lib/gcc/arm-none-eabi/4.8.3/../../../../arm-none-eabi/lib/armv7e-m\libm.a(lib_a-e_sqrt.o)
                              d:/coocox/bin/../lib/gcc/arm-none-eabi/4.8.3/../../../../arm-none-eabi/lib/armv7e-m\libm.a(lib_a-e_acos.o) (__ieee754_sqrt)
d:/coocox/bin/../lib/gcc/arm-none-eabi/4.8.3/../../../../arm-none-eabi/lib/armv7e-m\libm.a(lib_a-s_fabs.o)
                              d:/coocox/bin/../lib/gcc/arm-none-eabi/4.8.3/../../../../arm-none-eabi/lib/armv7e-m\libm.a(lib_a-w_acos.o) (fabs)
d:/coocox/bin/../lib/gcc/arm-none-eabi/4.8.3/../../../../arm-none-eabi/lib/armv7e-m\libm.a(lib_a-s_fpclassify.o)
                              d:/coocox/bin/../lib/gcc/arm-none-eabi/4.8.3/../../../../arm-none-eabi/lib/armv7e-m\libm.a(lib_a-w_acos.o) (__fpclassifyd)
d:/coocox/bin/../lib/gcc/arm-none-eabi/4.8.3/../../../../arm-none-eabi/lib/armv7e-m\libm.a(lib_a-s_lib_ver.o)
                              d:/coocox/bin/../lib/gcc/arm-none-eabi/4.8.3/../../../../arm-none-eabi/lib/armv7e-m\libm.a(lib_a-w_acos.o) (__fdlib_version)
d:/coocox/bin/../lib/gcc/arm-none-eabi/4.8.3/../../../../arm-none-eabi/lib/armv7e-m\libm.a(lib_a-s_matherr.o)
                              d:/coocox/bin/../lib/gcc/arm-none-eabi/4.8.3/../../../../arm-none-eabi/lib/armv7e-m\libm.a(lib_a-w_acos.o) (matherr)
d:/coocox/bin/../lib/gcc/arm-none-eabi/4.8.3/../../../../arm-none-eabi/lib/armv7e-m\libm.a(lib_a-s_nan.o)
                              d:/coocox/bin/../lib/gcc/arm-none-eabi/4.8.3/../../../../arm-none-eabi/lib/armv7e-m\libm.a(lib_a-w_acos.o) (nan)
d:/coocox/bin/../lib/gcc/arm-none-eabi/4.8.3/armv7e-m\libgcc.a(_arm_addsubdf3.o)
                              ..\obj\main.o (__aeabi_dsub)
d:/coocox/bin/../lib/gcc/arm-none-eabi/4.8.3/armv7e-m\libgcc.a(_arm_muldivdf3.o)
                              ..\obj\main.o (__aeabi_dmul)
d:/coocox/bin/../lib/gcc/arm-none-eabi/4.8.3/armv7e-m\libgcc.a(_arm_cmpdf2.o)
                              d:/coocox/bin/../lib/gcc/arm-none-eabi/4.8.3/../../../../arm-none-eabi/lib/armv7e-m\libm.a(lib_a-w_acos.o) (__aeabi_dcmpgt)
d:/coocox/bin/../lib/gcc/arm-none-eabi/4.8.3/armv7e-m\libgcc.a(_arm_fixdfsi.o)
                              ..\obj\main.o (__aeabi_d2iz)
d:/coocox/bin/../lib/gcc/arm-none-eabi/4.8.3/../../../../arm-none-eabi/lib/armv7e-m\libg.a(lib_a-errno.o)
                              d:/coocox/bin/../lib/gcc/arm-none-eabi/4.8.3/../../../../arm-none-eabi/lib/armv7e-m\libm.a(lib_a-w_acos.o) (__errno)
d:/coocox/bin/../lib/gcc/arm-none-eabi/4.8.3/../../../../arm-none-eabi/lib/armv7e-m\libg.a(lib_a-impure.o)
                              d:/coocox/bin/../lib/gcc/arm-none-eabi/4.8.3/../../../../arm-none-eabi/lib/armv7e-m\libg.a(lib_a-errno.o) (_impure_ptr)

Allocating common symbols
Common symbol       size              file

InBuffer            0x40              ..\obj\main.o
TIM_TimeBaseStructure
                    0xc               ..\obj\main.o
OutBuffer           0x3f              ..\obj\main.o
przyspieszenie_y    0x1               ..\obj\main.o
przyspieszenie_z    0x1               ..\obj\main.o
TIM_OCInitStructure
                    0x14              ..\obj\main.o
USB_OTG_dev         0x5f0             ..\obj\main.o
NVIC_InitStructure  0x4               ..\obj\stm32f4_discovery.o
przyspieszenie_x    0x1               ..\obj\main.o
USBD_StrDesc        0x3f              ..\obj\usbd_req.o

Discarded input sections

 .text          0x00000000        0x0 ..\obj\stm32f4xx_syscfg.o
 .data          0x00000000        0x0 ..\obj\stm32f4xx_syscfg.o
 .bss           0x00000000        0x0 ..\obj\stm32f4xx_syscfg.o
 .text.SYSCFG_DeInit
                0x00000000       0x1c ..\obj\stm32f4xx_syscfg.o
 .text.SYSCFG_MemoryRemapConfig
                0x00000000       0x20 ..\obj\stm32f4xx_syscfg.o
 .text.SYSCFG_ETH_MediaInterfaceConfig
                0x00000000       0x1c ..\obj\stm32f4xx_syscfg.o
 .text.SYSCFG_CompensationCellCmd
                0x00000000       0x20 ..\obj\stm32f4xx_syscfg.o
 .text.SYSCFG_GetCompensationCellStatus
                0x00000000       0x34 ..\obj\stm32f4xx_syscfg.o
 .text          0x00000000        0x0 ..\obj\usb_core.o
 .data          0x00000000        0x0 ..\obj\usb_core.o
 .bss           0x00000000        0x0 ..\obj\usb_core.o
 .text.USB_OTG_IsHostMode
                0x00000000       0x24 ..\obj\usb_core.o
 .text.USB_OTG_ReadOtgItr
                0x00000000       0x1c ..\obj\usb_core.o
 .text.USB_OTG_ActiveRemoteWakeup
                0x00000000       0x8c ..\obj\usb_core.o
 .text.USB_OTG_StopDevice
[...]
Memory Configuration

Name             Origin             Length             Attributes
rom              0x08000000         0x00100000         xr
ram              0x20000000         0x00020000         xrw
ram1             0x10000000         0x00010000         xrw
*default*        0x00000000         0xffffffff

Linker script and memory map

                0x20020000                _eram = 0x20020000

.text           0x08000000     0x5de4
 *(.isr_vector .isr_vector.*)
 .isr_vector    0x08000000      0x188 ..\obj\startup_stm32f4xx.o
                0x08000000                g_pfnVectors
 *(.text .text.* .gnu.linkonce.t.*)
 .text.SYSCFG_EXTILineConfig
                0x08000188       0x7c ..\obj\stm32f4xx_syscfg.o
                0x08000188                SYSCFG_EXTILineConfig
 .text.USB_OTG_EnableCommonInt
                0x08000204       0x44 ..\obj\usb_core.o
 .text.USB_OTG_CoreReset
                0x08000248       0x8c ..\obj\usb_core.o
 .text.USB_OTG_WritePacket
                0x080002d4       0x70 ..\obj\usb_core.o
                0x080002d4                USB_OTG_WritePacket
 .text.USB_OTG_ReadPacket
                0x08000344       0x58 ..\obj\usb_core.o
                0x08000344                USB_OTG_ReadPacket
 .text.USB_OTG_SelectCore
                0x0800039c      0x174 ..\obj\usb_core.o
                0x0800039c                USB_OTG_SelectCore
 .text.USB_OTG_CoreInit
                0x08000510      0x1dc ..\obj\usb_core.o
                0x08000510                USB_OTG_CoreInit
 .text.USB_OTG_EnableGlobalInt
                0x080006ec       0x38 ..\obj\usb_core.o
                0x080006ec                USB_OTG_EnableGlobalInt
 .text.USB_OTG_DisableGlobalInt
                0x08000724       0x38 ..\obj\usb_core.o
                0x08000724                USB_OTG_DisableGlobalInt
 .text.USB_OTG_FlushTxFifo
                0x0800075c       0x70 ..\obj\usb_core.o
                0x0800075c                USB_OTG_FlushTxFifo
 .text.USB_OTG_FlushRxFifo
                0x080007cc       0x5c ..\obj\usb_core.o
                0x080007cc                USB_OTG_FlushRxFifo
 .text.USB_OTG_SetCurrentMode
                0x08000828       0x60 ..\obj\usb_core.o
                0x08000828                USB_OTG_SetCurrentMode
 .text.USB_OTG_GetMode
                0x08000888       0x20 ..\obj\usb_core.o
                0x08000888                USB_OTG_GetMode
 .text.USB_OTG_IsDeviceMode
                0x080008a8       0x24 ..\obj\usb_core.o
                0x080008a8                USB_OTG_IsDeviceMode
 .text.USB_OTG_ReadCoreItr
                0x080008cc       0x30 ..\obj\usb_core.o
                0x080008cc                USB_OTG_ReadCoreItr
 .text.USB_OTG_InitDevSpeed
                0x080008fc       0x38 ..\obj\usb_core.o
                0x080008fc                USB_OTG_InitDevSpeed
 .text.USB_OTG_CoreInitDev
                0x08000934      0x27c ..\obj\usb_core.o
                0x08000934                USB_OTG_CoreInitDev
 .text.USB_OTG_EnableDevInt
                0x08000bb0       0x98 ..\obj\usb_core.o
                0x08000bb0                USB_OTG_EnableDevInt
 .text.USB_OTG_GetDeviceSpeed
                0x08000c48       0x48 ..\obj\usb_core.o
                0x08000c48                USB_OTG_GetDeviceSpeed
 .text.USB_OTG_EP0Activate
                0x08000c90       0x78 ..\obj\usb_core.o
                0x08000c90                USB_OTG_EP0Activate
 .text.USB_OTG_EPActivate
                0x08000d08       0xdc ..\obj\usb_core.o
                0x08000d08                USB_OTG_EPActivate
 .text.USB_OTG_EPDeactivate
                0x08000de4       0x8c ..\obj\usb_core.o
                0x08000de4                USB_OTG_EPDeactivate
 .text.USB_OTG_EPStartXfer
                0x08000e70      0x280 ..\obj\usb_core.o
                0x08000e70                USB_OTG_EPStartXfer
 .text.USB_OTG_EP0StartXfer
                0x080010f0      0x1d4 ..\obj\usb_core.o
                0x080010f0                USB_OTG_EP0StartXfer
 .text.USB_OTG_EPSetStall
                0x080012c4       0x88 ..\obj\usb_core.o
                0x080012c4                USB_OTG_EPSetStall
 .text.USB_OTG_EPClearStall
                0x0800134c       0x78 ..\obj\usb_core.o
                0x0800134c                USB_OTG_EPClearStall
 .text.USB_OTG_ReadDevAllOutEp_itr
                0x080013c4       0x2c ..\obj\usb_core.o
                0x080013c4                USB_OTG_ReadDevAllOutEp_itr
 .text.USB_OTG_ReadDevOutEP_itr
                0x080013f0       0x38 ..\obj\usb_core.o
                0x080013f0                USB_OTG_ReadDevOutEP_itr
 .text.USB_OTG_ReadDevAllInEPItr
                0x08001428       0x2c ..\obj\usb_core.o
                0x08001428                USB_OTG_ReadDevAllInEPItr
 .text.USB_OTG_EP0_OutStart
                0x08001454       0x70 ..\obj\usb_core.o
                0x08001454                USB_OTG_EP0_OutStart
 .text.USB_OTG_UngateClock
                0x080014c4       0x54 ..\obj\usb_core.o
                0x080014c4                USB_OTG_UngateClock
 .text.USBD_USR_Init
                0x08001518        0xc ..\obj\usbd_usr.o
                0x08001518                USBD_USR_Init
 .text.USBD_USR_DeviceReset
                0x08001524       0x14 ..\obj\usbd_usr.o
                0x08001524                USBD_USR_DeviceReset
 .text.USBD_USR_DeviceConfigured
                0x08001538        0xc ..\obj\usbd_usr.o
                0x08001538                USBD_USR_DeviceConfigured
 .text.USBD_USR_DeviceSuspended
                0x08001544        0xc ..\obj\usbd_usr.o
                0x08001544                USBD_USR_DeviceSuspended
 .text.USBD_USR_DeviceResumed
                0x08001550        0xc ..\obj\usbd_usr.o
                0x08001550                USBD_USR_DeviceResumed
 .text.Default_Reset_Handler
                0x0800155c       0x70 ..\obj\startup_stm32f4xx.o
                0x0800155c                Default_Reset_Handler
                0x0800155c                Reset_Handler
 .text.Default_Handler
                0x080015cc        0x8 ..\obj\startup_stm32f4xx.o
                0x080015cc                RTC_Alarm_IRQHandler
                0x080015cc                HASH_RNG_IRQHandler
                0x080015cc                EXTI2_IRQHandler
                0x080015cc                TIM8_CC_IRQHandler
                0x080015cc                TIM1_CC_IRQHandler
                0x080015cc                DMA2_Stream5_IRQHandler
                0x080015cc                DMA1_Stream5_IRQHandler
                0x080015cc                PVD_IRQHandler
                0x080015cc                SDIO_IRQHandler
                0x080015cc                TAMP_STAMP_IRQHandler
                0x080015cc                CAN2_RX1_IRQHandler
                0x080015cc                EXTI3_IRQHandler
                0x080015cc                TIM8_TRG_COM_TIM14_IRQHandler
                0x080015cc                TIM1_UP_TIM10_IRQHandler
                0x080015cc                TIM8_UP_TIM13_IRQHandler
                0x080015cc                I2C3_ER_IRQHandler
                0x080015cc                EXTI0_IRQHandler
                0x080015cc                I2C2_EV_IRQHandler
                0x080015cc                DMA1_Stream2_IRQHandler
                0x080015cc                CAN1_RX0_IRQHandler
                0x080015cc                FPU_IRQHandler
                0x080015cc                OTG_HS_WKUP_IRQHandler
                0x080015cc                CAN2_SCE_IRQHandler
                0x080015cc                DMA2_Stream2_IRQHandler
                0x080015cc                SPI1_IRQHandler
                0x080015cc                TIM6_DAC_IRQHandler
                0x080015cc                TIM1_BRK_TIM9_IRQHandler
                0x080015cc                DCMI_IRQHandler
                0x080015cc                CAN2_RX0_IRQHandler
                0x080015cc                DMA2_Stream3_IRQHandler
                0x080015cc                USART6_IRQHandler
                0x080015cc                USART3_IRQHandler
                0x080015cc                CRYP_IRQHandler
                0x080015cc                CAN1_RX1_IRQHandler
                0x080015cc                UART5_IRQHandler
                0x080015cc                DMA2_Stream0_IRQHandler
                0x080015cc                TIM4_IRQHandler
                0x080015cc                I2C1_EV_IRQHandler
                0x080015cc                DMA1_Stream6_IRQHandler
                0x080015cc                DMA1_Stream1_IRQHandler
                0x080015cc                UART4_IRQHandler
                0x080015cc                TIM3_IRQHandler
                0x080015cc                RCC_IRQHandler
                0x080015cc                TIM8_BRK_TIM12_IRQHandler
                0x080015cc                EXTI15_10_IRQHandler
                0x080015cc                ADC_IRQHandler
                0x080015cc                DMA1_Stream7_IRQHandler
                0x080015cc                TIM7_IRQHandler
                0x080015cc                CAN2_TX_IRQHandler
                0x080015cc                TIM5_IRQHandler
                0x080015cc                DMA2_Stream7_IRQHandler
                0x080015cc                I2C3_EV_IRQHandler
                0x080015cc                EXTI9_5_IRQHandler
                0x080015cc                RTC_WKUP_IRQHandler
                0x080015cc                ETH_WKUP_IRQHandler
                0x080015cc                SPI2_IRQHandler
                0x080015cc                OTG_HS_EP1_IN_IRQHandler
                0x080015cc                DMA1_Stream0_IRQHandler
                0x080015cc                CAN1_TX_IRQHandler
                0x080015cc                EXTI4_IRQHandler
                0x080015cc                FSMC_IRQHandler
                0x080015cc                ETH_IRQHandler
                0x080015cc                OTG_HS_EP1_OUT_IRQHandler
                0x080015cc                WWDG_IRQHandler
                0x080015cc                TIM2_IRQHandler
                0x080015cc                TIM1_TRG_COM_TIM11_IRQHandler
                0x080015cc                OTG_HS_IRQHandler
                0x080015cc                EXTI1_IRQHandler
                0x080015cc                USART2_IRQHandler
                0x080015cc                I2C2_ER_IRQHandler
                0x080015cc                DMA2_Stream1_IRQHandler
                0x080015cc                CAN1_SCE_IRQHandler
                0x080015cc                FLASH_IRQHandler
                0x080015cc                DMA2_Stream4_IRQHandler
                0x080015cc                USART1_IRQHandler
                0x080015cc                SPI3_IRQHandler
                0x080015cc                DMA1_Stream4_IRQHandler
                0x080015cc                I2C1_ER_IRQHandler
                0x080015cc                DMA2_Stream6_IRQHandler
                0x080015cc                DMA1_Stream3_IRQHandler
 .text.STM32F4_Discovery_LEDInit
                0x080015d4       0x5c ..\obj\stm32f4_discovery.o
                0x080015d4                STM32F4_Discovery_LEDInit
 .text.STM32F4_Discovery_LEDOn
                0x08001630       0x30 ..\obj\stm32f4_discovery.o
                0x08001630                STM32F4_Discovery_LEDOn
 .text.STM32F4_Discovery_LEDOff
                0x08001660       0x30 ..\obj\stm32f4_discovery.o
                0x08001660                STM32F4_Discovery_LEDOff
 .text.STM32F4_Discovery_PBInit
                0x08001690       0x94 ..\obj\stm32f4_discovery.o
                0x08001690                STM32F4_Discovery_PBInit
 .text.USBD_HID_Init
                0x08001724       0x40 ..\obj\usbd_hid_core.o
 .text.USBD_HID_DeInit
                0x08001764       0x28 ..\obj\usbd_hid_core.o
 .text.USBD_HID_Setup
                0x0800178c      0x134 ..\obj\usbd_hid_core.o
 .text.USBD_HID_SendReport
                0x080018c0       0x30 ..\obj\usbd_hid_core.o
                0x080018c0                USBD_HID_SendReport
 .text.USBD_HID_GetCfgDesc
                0x080018f0       0x24 ..\obj\usbd_hid_core.o
 .text.USBD_HID_DataIn
                0x08001914       0x20 ..\obj\usbd_hid_core.o
 .text.USBD_HID_DataOut
                0x08001934       0x50 ..\obj\usbd_hid_core.o
 .text.USBD_Init
                0x08001984       0x54 ..\obj\usbd_core.o
                0x08001984                USBD_Init
 .text.USBD_DeInit
                0x080019d8       0x18 ..\obj\usbd_core.o
                0x080019d8                USBD_DeInit
 .text.USBD_SetupStage
                0x080019f0       0x6c ..\obj\usbd_core.o
 .text.USBD_DataOutStage
                0x08001a5c       0xd0 ..\obj\usbd_core.o
 .text.USBD_DataInStage
                0x08001b2c      0x104 ..\obj\usbd_core.o
 .text.USBD_Reset
                0x08001c30       0x44 ..\obj\usbd_core.o
 .text.USBD_Resume
                0x08001c74       0x24 ..\obj\usbd_core.o
 .text.USBD_Suspend
                0x08001c98       0x24 ..\obj\usbd_core.o
 .text.USBD_SOF
                0x08001cbc       0x2c ..\obj\usbd_core.o
 .text.USBD_SetCfg
                0x08001ce8       0x30 ..\obj\usbd_core.o
                0x08001ce8                USBD_SetCfg
 .text.USBD_ClrCfg
                0x08001d18       0x28 ..\obj\usbd_core.o
                0x08001d18                USBD_ClrCfg
 .text.USBD_IsoINIncomplete
                0x08001d40       0x20 ..\obj\usbd_core.o
 .text.USBD_IsoOUTIncomplete
                0x08001d60       0x20 ..\obj\usbd_core.o
 .text.main     0x08001d80      0x5b0 ..\obj\main.o
                0x08001d80                main
 .text.Delay    0x08002330       0x20 ..\obj\main.o
                0x08002330                Delay
 .text.LIS302DL_Init
                0x08002350       0x48 ..\obj\main.o
                0x08002350                LIS302DL_Init
 .text.LIS302DL_Write
                0x08002398       0x60 ..\obj\main.o
                0x08002398                LIS302DL_Write
 .text.LIS302DL_SendByte
                0x080023f8       0x90 ..\obj\main.o
 .text.LIS302DL_InterruptConfig
                0x08002488       0x44 ..\obj\main.o
                0x08002488                LIS302DL_InterruptConfig
 .text.LIS302DL_Read
                0x080024cc       0x6c ..\obj\main.o
                0x080024cc                LIS302DL_Read
 .text.LIS302DL_TIMEOUT_UserCallback
                0x08002538        0x8 ..\obj\main.o
                0x08002538                LIS302DL_TIMEOUT_UserCallback
 .text.RCC_AHB1PeriphClockCmd
                0x08002540       0x3c ..\obj\stm32f4xx_rcc.o
                0x08002540                RCC_AHB1PeriphClockCmd
 .text.RCC_AHB2PeriphClockCmd
                0x0800257c       0x3c ..\obj\stm32f4xx_rcc.o
                0x0800257c                RCC_AHB2PeriphClockCmd
 .text.RCC_APB1PeriphClockCmd
                0x080025b8       0x3c ..\obj\stm32f4xx_rcc.o
                0x080025b8                RCC_APB1PeriphClockCmd
 .text.RCC_APB2PeriphClockCmd
                0x080025f4       0x3c ..\obj\stm32f4xx_rcc.o
                0x080025f4                RCC_APB2PeriphClockCmd
 .text.RCC_APB1PeriphResetCmd
                0x08002630       0x3c ..\obj\stm32f4xx_rcc.o
                0x08002630                RCC_APB1PeriphResetCmd
 .text.RCC_APB2PeriphResetCmd
                0x0800266c       0x3c ..\obj\stm32f4xx_rcc.o
                0x0800266c                RCC_APB2PeriphResetCmd
 .text.NMI_Handler
                0x080026a8        0xc ..\obj\stm32f4xx_it.o
                0x080026a8                NMI_Handler
 .text.HardFault_Handler
                0x080026b4        0x8 ..\obj\stm32f4xx_it.o
                0x080026b4                HardFault_Handler
 .text.MemManage_Handler
                0x080026bc        0x8 ..\obj\stm32f4xx_it.o
                0x080026bc                MemManage_Handler
 .text.BusFault_Handler
                0x080026c4        0x8 ..\obj\stm32f4xx_it.o
                0x080026c4                BusFault_Handler
 .text.UsageFault_Handler
                0x080026cc        0x8 ..\obj\stm32f4xx_it.o
                0x080026cc                UsageFault_Handler
 .text.SVC_Handler
                0x080026d4        0xc ..\obj\stm32f4xx_it.o
                0x080026d4                SVC_Handler
 .text.DebugMon_Handler
                0x080026e0        0xc ..\obj\stm32f4xx_it.o
                0x080026e0                DebugMon_Handler
 .text.PendSV_Handler
                0x080026ec        0xc ..\obj\stm32f4xx_it.o
                0x080026ec                PendSV_Handler
 .text.SysTick_Handler
                0x080026f8        0xc ..\obj\stm32f4xx_it.o
                0x080026f8                SysTick_Handler
 .text.OTG_FS_WKUP_IRQHandler
                0x08002704       0x34 ..\obj\stm32f4xx_it.o
                0x08002704                OTG_FS_WKUP_IRQHandler
 .text.OTG_FS_IRQHandler
                0x08002738       0x10 ..\obj\stm32f4xx_it.o
                0x08002738                OTG_FS_IRQHandler
 .text.USBD_USR_DeviceDescriptor
                0x08002748       0x24 ..\obj\usbd_desc.o
                0x08002748                USBD_USR_DeviceDescriptor
 .text.USBD_USR_LangIDStrDescriptor
                0x0800276c       0x24 ..\obj\usbd_desc.o
                0x0800276c                USBD_USR_LangIDStrDescriptor
 .text.USBD_USR_ProductStrDescriptor
                0x08002790       0x40 ..\obj\usbd_desc.o
                0x08002790                USBD_USR_ProductStrDescriptor
 .text.USBD_USR_ManufacturerStrDescriptor
                0x080027d0       0x28 ..\obj\usbd_desc.o
                0x080027d0                USBD_USR_ManufacturerStrDescriptor
 .text.USBD_USR_SerialStrDescriptor
                0x080027f8       0x40 ..\obj\usbd_desc.o
                0x080027f8                USBD_USR_SerialStrDescriptor
 .text.USBD_USR_ConfigStrDescriptor
                0x08002838       0x3c ..\obj\usbd_desc.o
                0x08002838                USBD_USR_ConfigStrDescriptor
 .text.USBD_USR_InterfaceStrDescriptor
                0x08002874       0x3c ..\obj\usbd_desc.o
                0x08002874                USBD_USR_InterfaceStrDescriptor
 .text.GPIO_Init
                0x080028b0      0x11c ..\obj\stm32f4xx_gpio.o
                0x080028b0                GPIO_Init
 .text.GPIO_SetBits
                0x080029cc       0x1c ..\obj\stm32f4xx_gpio.o
                0x080029cc                GPIO_SetBits
 .text.GPIO_ResetBits
                0x080029e8       0x1c ..\obj\stm32f4xx_gpio.o
                0x080029e8                GPIO_ResetBits
 .text.GPIO_PinAFConfig
                0x08002a04       0x8c ..\obj\stm32f4xx_gpio.o
                0x08002a04                GPIO_PinAFConfig
 .text.SystemInit
                0x08002a90       0x58 ..\obj\system_stm32f4xx.o
                0x08002a90                SystemInit
 .text.SystemCoreClockUpdate
                0x08002ae8       0xf8 ..\obj\system_stm32f4xx.o
                0x08002ae8                SystemCoreClockUpdate
 .text.SetSysClock
                0x08002be0       0xf4 ..\obj\system_stm32f4xx.o
 .text.USB_OTG_BSP_Init
                0x08002cd4       0xb0 ..\obj\usb_bsp.o
                0x08002cd4                USB_OTG_BSP_Init
 .text.USB_OTG_BSP_EnableInterrupt
                0x08002d84       0x30 ..\obj\usb_bsp.o
                0x08002d84                USB_OTG_BSP_EnableInterrupt
 .text.USB_OTG_BSP_uDelay
                0x08002db4       0x48 ..\obj\usb_bsp.o
                0x08002db4                USB_OTG_BSP_uDelay
 .text.USB_OTG_BSP_mDelay
                0x08002dfc       0x20 ..\obj\usb_bsp.o
                0x08002dfc                USB_OTG_BSP_mDelay
 .text.USBD_StdDevReq
                0x08002e1c       0xa0 ..\obj\usbd_req.o
                0x08002e1c                USBD_StdDevReq
 .text.USBD_StdItfReq
                0x08002ebc       0x68 ..\obj\usbd_req.o
                0x08002ebc                USBD_StdItfReq
 .text.USBD_StdEPReq
                0x08002f24      0x1b0 ..\obj\usbd_req.o
                0x08002f24                USBD_StdEPReq
 .text.USBD_GetDescriptor
                0x080030d4      0x1b8 ..\obj\usbd_req.o
 .text.USBD_SetAddress
                0x0800328c       0x7c ..\obj\usbd_req.o
 .text.USBD_SetConfig
                0x08003308       0xf4 ..\obj\usbd_req.o
 .text.USBD_GetConfig
                0x080033fc       0x60 ..\obj\usbd_req.o
 .text.USBD_GetStatus
                0x0800345c       0x50 ..\obj\usbd_req.o
 .text.USBD_SetFeature
                0x080034ac       0xcc ..\obj\usbd_req.o
 .text.USBD_ClrFeature
                0x08003578       0x50 ..\obj\usbd_req.o
 .text.USBD_ParseSetupRequest
                0x080035c8       0x8c ..\obj\usbd_req.o
                0x080035c8                USBD_ParseSetupRequest
 .text.USBD_CtlError
                0x08003654       0x48 ..\obj\usbd_req.o
                0x08003654                USBD_CtlError
 .text.USBD_GetString
                0x0800369c       0x7c ..\obj\usbd_req.o
                0x0800369c                USBD_GetString
 .text.USBD_GetLen
                0x08003718       0x30 ..\obj\usbd_req.o
 .text.USBD_OTG_ISR_Handler
                0x08003748      0x15c ..\obj\usb_dcd_int.o
                0x08003748                USBD_OTG_ISR_Handler
 .text.DCD_HandleResume_ISR
                0x080038a4       0x80 ..\obj\usb_dcd_int.o
 .text.DCD_HandleUSBSuspend_ISR
                0x08003924       0x9c ..\obj\usb_dcd_int.o
 .text.DCD_HandleInEP_ISR
                0x080039c0      0x1ec ..\obj\usb_dcd_int.o
 .text.DCD_HandleOutEP_ISR
                0x08003bac      0x178 ..\obj\usb_dcd_int.o
 .text.DCD_HandleSof_ISR
                0x08003d24       0x34 ..\obj\usb_dcd_int.o
 .text.DCD_HandleRxStatusQueueLevel_ISR
                0x08003d58      0x104 ..\obj\usb_dcd_int.o
 .text.DCD_WriteEmptyTxFifo
                0x08003e5c       0xe4 ..\obj\usb_dcd_int.o
 .text.DCD_HandleUsbReset_ISR
                0x08003f40      0x144 ..\obj\usb_dcd_int.o
 .text.DCD_HandleEnumDone_ISR
                0x08004084       0x78 ..\obj\usb_dcd_int.o
 .text.DCD_IsoINIncomplete_ISR
                0x080040fc       0x34 ..\obj\usb_dcd_int.o
 .text.DCD_IsoOUTIncomplete_ISR
                0x08004130       0x34 ..\obj\usb_dcd_int.o
 .text.DCD_ReadDevInEP
                0x08004164       0x50 ..\obj\usb_dcd_int.o
 .text.SPI_I2S_DeInit
                0x080041b4       0x74 ..\obj\stm32f4xx_spi.o
                0x080041b4                SPI_I2S_DeInit
 .text.SPI_Init
                0x08004228       0x88 ..\obj\stm32f4xx_spi.o
                0x08004228                SPI_Init
 .text.SPI_Cmd  0x080042b0       0x40 ..\obj\stm32f4xx_spi.o
                0x080042b0                SPI_Cmd
 .text.SPI_I2S_ReceiveData
                0x080042f0       0x1c ..\obj\stm32f4xx_spi.o
                0x080042f0                SPI_I2S_ReceiveData
 .text.SPI_I2S_SendData
                0x0800430c       0x1c ..\obj\stm32f4xx_spi.o
                0x0800430c                SPI_I2S_SendData
 .text.SPI_I2S_GetFlagStatus
                0x08004328       0x38 ..\obj\stm32f4xx_spi.o
                0x08004328                SPI_I2S_GetFlagStatus
 .text.EXTI_Init
                0x08004360       0xdc ..\obj\stm32f4xx_exti.o
                0x08004360                EXTI_Init
 .text.EXTI_ClearITPendingBit
                0x0800443c       0x1c ..\obj\stm32f4xx_exti.o
                0x0800443c                EXTI_ClearITPendingBit
 .text.NVIC_PriorityGroupConfig
                0x08004458       0x24 ..\obj\misc.o
                0x08004458                NVIC_PriorityGroupConfig
 .text.NVIC_Init
                0x0800447c       0xbc ..\obj\misc.o
                0x0800447c                NVIC_Init
 .text.DCD_Init
                0x08004538      0x100 ..\obj\usb_dcd.o
                0x08004538                DCD_Init
 .text.DCD_EP_Open
                0x08004638       0x9c ..\obj\usb_dcd.o
                0x08004638                DCD_EP_Open
 .text.DCD_EP_Close
                0x080046d4       0x70 ..\obj\usb_dcd.o
                0x080046d4                DCD_EP_Close
 .text.DCD_EP_PrepareRx
                0x08004744       0x80 ..\obj\usb_dcd.o
                0x08004744                DCD_EP_PrepareRx
 .text.DCD_EP_Tx
                0x080047c4       0x78 ..\obj\usb_dcd.o
                0x080047c4                DCD_EP_Tx
 .text.DCD_EP_Stall
                0x0800483c       0x74 ..\obj\usb_dcd.o
                0x0800483c                DCD_EP_Stall
 .text.DCD_EP_ClrStall
                0x080048b0       0x74 ..\obj\usb_dcd.o
                0x080048b0                DCD_EP_ClrStall
 .text.DCD_EP_Flush
                0x08004924       0x34 ..\obj\usb_dcd.o
                0x08004924                DCD_EP_Flush
 .text.DCD_EP_SetAddress
                0x08004958       0x3c ..\obj\usb_dcd.o
                0x08004958                DCD_EP_SetAddress
 .text.USBD_CtlSendData
                0x08004994       0x40 ..\obj\usbd_ioreq.o
                0x08004994                USBD_CtlSendData
 .text.USBD_CtlContinueSendData
                0x080049d4       0x28 ..\obj\usbd_ioreq.o
                0x080049d4                USBD_CtlContinueSendData
 .text.USBD_CtlContinueRx
                0x080049fc       0x28 ..\obj\usbd_ioreq.o
                0x080049fc                USBD_CtlContinueRx
 .text.USBD_CtlSendStatus
                0x08004a24       0x30 ..\obj\usbd_ioreq.o
                0x08004a24                USBD_CtlSendStatus
 .text.USBD_CtlReceiveStatus
                0x08004a54       0x30 ..\obj\usbd_ioreq.o
                0x08004a54                USBD_CtlReceiveStatus
 .text.TIM_TimeBaseInit
                0x08004a84       0xd4 ..\obj\stm32f4xx_tim.o
                0x08004a84                TIM_TimeBaseInit
 .text.TIM_Cmd  0x08004b58       0x40 ..\obj\stm32f4xx_tim.o
                0x08004b58                TIM_Cmd
 .text.TIM_OC2Init
                0x08004b98      0x110 ..\obj\stm32f4xx_tim.o
                0x08004b98                TIM_OC2Init
 .text.TIM_OC2PreloadConfig
                0x08004ca8       0x3c ..\obj\stm32f4xx_tim.o
                0x08004ca8                TIM_OC2PreloadConfig
 .text.acos     0x08004ce4       0xa8 d:/coocox/bin/../lib/gcc/arm-none-eabi/4.8.3/../../../../arm-none-eabi/lib/armv7e-m\libm.a(lib_a-w_acos.o)
                0x08004ce4                acos
 *fill*         0x08004d8c        0x4 
 .text.__ieee754_acos
                0x08004d90      0x4b8 d:/coocox/bin/../lib/gcc/arm-none-eabi/4.8.3/../../../../arm-none-eabi/lib/armv7e-m\libm.a(lib_a-e_acos.o)
                0x08004d90                __ieee754_acos
 .text.__ieee754_sqrt
                0x08005248      0x180 d:/coocox/bin/../lib/gcc/arm-none-eabi/4.8.3/../../../../arm-none-eabi/lib/armv7e-m\libm.a(lib_a-e_sqrt.o)
                0x08005248                __ieee754_sqrt
 .text.fabs     0x080053c8        0x8 d:/coocox/bin/../lib/gcc/arm-none-eabi/4.8.3/../../../../arm-none-eabi/lib/armv7e-m\libm.a(lib_a-s_fabs.o)
                0x080053c8                fabs
 .text.__fpclassifyd
                0x080053d0       0x50 d:/coocox/bin/../lib/gcc/arm-none-eabi/4.8.3/../../../../arm-none-eabi/lib/armv7e-m\libm.a(lib_a-s_fpclassify.o)
                0x080053d0                __fpclassifyd
 .text.matherr  0x08005420        0x4 d:/coocox/bin/../lib/gcc/arm-none-eabi/4.8.3/../../../../arm-none-eabi/lib/armv7e-m\libm.a(lib_a-s_matherr.o)
                0x08005420                matherr
 .text.nan      0x08005424        0xc d:/coocox/bin/../lib/gcc/arm-none-eabi/4.8.3/../../../../arm-none-eabi/lib/armv7e-m\libm.a(lib_a-s_nan.o)
                0x08005424                nan
 .text          0x08005430      0x370 d:/coocox/bin/../lib/gcc/arm-none-eabi/4.8.3/armv7e-m\libgcc.a(_arm_addsubdf3.o)
                0x08005430                __aeabi_drsub
                0x08005438                __aeabi_dsub
                0x08005438                __subdf3
                0x0800543c                __aeabi_dadd
                0x0800543c                __adddf3
                0x080056b4                __floatunsidf
                0x080056b4                __aeabi_ui2d
                0x080056d4                __floatsidf
                0x080056d4                __aeabi_i2d
                0x080056f8                __aeabi_f2d
                0x080056f8                __extendsfdf2
                0x08005734                __floatundidf
                0x08005734                __aeabi_ul2d
                0x08005744                __floatdidf
                0x08005744                __aeabi_l2d
 .text          0x080057a0      0x424 d:/coocox/bin/../lib/gcc/arm-none-eabi/4.8.3/armv7e-m\libgcc.a(_arm_muldivdf3.o)
                0x080057a0                __aeabi_dmul
                0x080057a0                __muldf3
                0x080059f4                __divdf3
                0x080059f4                __aeabi_ddiv
 .text          0x08005bc4      0x110 d:/coocox/bin/../lib/gcc/arm-none-eabi/4.8.3/armv7e-m\libgcc.a(_arm_cmpdf2.o)
                0x08005bc4                __gtdf2
                0x08005bc4                __gedf2
                0x08005bcc                __ltdf2
                0x08005bcc                __ledf2
                0x08005bd4                __nedf2
                0x08005bd4                __eqdf2
                0x08005bd4                __cmpdf2
                0x08005c50                __aeabi_cdrcmple
                0x08005c60                __aeabi_cdcmpeq
                0x08005c60                __aeabi_cdcmple
                0x08005c70                __aeabi_dcmpeq
                0x08005c84                __aeabi_dcmplt
                0x08005c98                __aeabi_dcmple
                0x08005cac                __aeabi_dcmpge
                0x08005cc0                __aeabi_dcmpgt
 .text          0x08005cd4       0x50 d:/coocox/bin/../lib/gcc/arm-none-eabi/4.8.3/armv7e-m\libgcc.a(_arm_fixdfsi.o)
                0x08005cd4                __aeabi_d2iz
                0x08005cd4                __fixdfsi
 .text.__errno  0x08005d24        0xc d:/coocox/bin/../lib/gcc/arm-none-eabi/4.8.3/../../../../arm-none-eabi/lib/armv7e-m\libg.a(lib_a-errno.o)
                0x08005d24                __errno
 *(.glue_7t)
 .glue_7t       0x00000000        0x0 linker stubs
 *(.glue_7)
 .glue_7        0x00000000        0x0 linker stubs
 *(.rodata .rodata* .gnu.linkonce.r.*)
 .rodata        0x08005d30       0x30 ..\obj\stm32f4_discovery.o
                0x08005d30                GPIO_PIN
                0x08005d38                GPIO_CLK
                0x08005d48                BUTTON_PIN
                0x08005d4c                BUTTON_CLK
                0x08005d50                BUTTON_EXTI_LINE
                0x08005d54                BUTTON_PORT_SOURCE
                0x08005d58                BUTTON_PIN_SOURCE
                0x08005d5c                BUTTON_IRQn
 .rodata        0x08005d60       0x78 ..\obj\usbd_desc.o
 .rodata.str1.4
                0x08005dd8        0x5 d:/coocox/bin/../lib/gcc/arm-none-eabi/4.8.3/../../../../arm-none-eabi/lib/armv7e-m\libm.a(lib_a-w_acos.o)
                                  0xc (size before relaxing)
 *fill*         0x08005ddd        0x3 
 .rodata.str1.4
                0x08005de0        0x4 d:/coocox/bin/../lib/gcc/arm-none-eabi/4.8.3/../../../../arm-none-eabi/lib/armv7e-m\libg.a(lib_a-impure.o)

.vfp11_veneer   0x08005de4        0x0
 .vfp11_veneer  0x00000000        0x0 linker stubs

.v4_bx          0x08005de4        0x0
 .v4_bx         0x00000000        0x0 linker stubs

.iplt           0x08005de4        0x0
 .iplt          0x00000000        0x0 ..\obj\stm32f4xx_syscfg.o

.rel.dyn        0x08005de4        0x0
 .rel.iplt      0x00000000        0x0 ..\obj\stm32f4xx_syscfg.o

.ARM.extab
 *(.ARM.extab* .gnu.linkonce.armextab.*)
                0x08005de4                __exidx_start = .

.ARM.exidx
 *(.ARM.exidx* .gnu.linkonce.armexidx.*)
                0x08005de4                __exidx_end = .
                0x08005de4                . = ALIGN (0x4)
                0x08005de4                _etext = .
                0x08005de4                _sidata = .

.data           0x20000000      0x55c load address 0x08005de4
                0x20000000                _sdata = .
 *(.data .data.*)
 .data          0x20000000       0x1c ..\obj\usbd_usr.o
                0x20000000                USR_cb
 .data          0x2000001c       0x14 ..\obj\stm32f4_discovery.o
                0x2000001c                GPIO_PORT
                0x2000002c                BUTTON_PORT
 .data          0x20000030       0x70 ..\obj\usbd_hid_core.o
                0x20000030                USBD_HID_cb
 .data          0x200000a0       0x30 ..\obj\usbd_core.o
                0x200000a0                USBD_DCD_INT_cb
                0x200000cc                USBD_DCD_INT_fops
 .data          0x200000d0        0x8 ..\obj\main.o
                0x200000d0                LIS302DLTimeout
                0x200000d4                p_g
 .data          0x200000d8       0x40 ..\obj\usbd_desc.o
                0x200000d8                USR_desc
                0x200000f4                USBD_DeviceDesc
                0x20000108                USBD_DeviceQualifierDesc
                0x20000114                USBD_LangIDDesc
 .data          0x20000118       0x14 ..\obj\system_stm32f4xx.o
                0x20000118                SystemCoreClock
                0x2000011c                AHBPrescTable
 .data.__fdlib_version
                0x2000012c        0x1 d:/coocox/bin/../lib/gcc/arm-none-eabi/4.8.3/../../../../arm-none-eabi/lib/armv7e-m\libm.a(lib_a-s_lib_ver.o)
                0x2000012c                __fdlib_version
 *fill*         0x2000012d        0x3 
 .data.impure_data
                0x20000130      0x428 d:/coocox/bin/../lib/gcc/arm-none-eabi/4.8.3/../../../../arm-none-eabi/lib/armv7e-m\libg.a(lib_a-impure.o)
 .data._impure_ptr
                0x20000558        0x4 d:/coocox/bin/../lib/gcc/arm-none-eabi/4.8.3/../../../../arm-none-eabi/lib/armv7e-m\libg.a(lib_a-impure.o)
                0x20000558                _impure_ptr
                0x2000055c                . = ALIGN (0x4)
                0x2000055c                _edata = .

.igot.plt       0x2000055c        0x0 load address 0x08006340
 .igot.plt      0x00000000        0x0 ..\obj\stm32f4xx_syscfg.o

.bss            0x2000055c      0x758 load address 0x08006340
                0x2000055c                _sbss = .
 *(.bss .bss.*)
 .bss           0x2000055c       0x4c ..\obj\usbd_hid_core.o
 .bss           0x200005a8       0x24 ..\obj\main.o
                0x200005a8                pomiar_x
                0x200005ac                pomiar_y
                0x200005b0                pomiar_z
                0x200005b4                p_x
                0x200005b8                p_y
                0x200005bc                p_z
                0x200005c0                PrescalerValue
                0x200005c4                TimingDelay
                0x200005c8                UserButtonPressed
 .bss           0x200005cc       0x10 ..\obj\usbd_req.o
                0x200005cc                USBD_ep_status
                0x200005d0                USBD_default_cfg
                0x200005d4                USBD_cfg_status
 *(COMMON)
 COMMON         0x200005dc      0x695 ..\obj\main.o
                0x200005dc                InBuffer
                0x2000061c                TIM_TimeBaseStructure
                0x20000628                OutBuffer
                0x20000667                przyspieszenie_y
                0x20000668                przyspieszenie_z
                0x2000066c                TIM_OCInitStructure
                0x20000680                USB_OTG_dev
                0x20000c70                przyspieszenie_x
 *fill*         0x20000c71        0x3 
 COMMON         0x20000c74       0x3f ..\obj\usbd_req.o
                0x20000c74                USBD_StrDesc
                0x20000cb4                . = ALIGN (0x4)
 *fill*         0x20000cb3        0x1 
                0x20000cb4                _ebss = .

.co_stack       0x20000cb4      0x804 load address 0x08006a98
                0x20000cb8                . = ALIGN (0x8)
 *fill*         0x20000cb4        0x4 
 *(.co_stack .co_stack.*)
 .co_stack      0x20000cb8      0x800 ..\obj\startup_stm32f4xx.o
                0x20000cb8                pulStack
                0x200014b8                . = ALIGN (0x4)
                0x200014b8                _end = .
LOAD ..\obj\stm32f4xx_syscfg.o
LOAD ..\obj\usb_core.o
LOAD ..\obj\stm32f4xx_sdio.o
LOAD ..\obj\stm32f4xx_cryp_aes.o
LOAD ..\obj\stm32f4xx_hash.o
LOAD ..\obj\usbd_usr.o
LOAD ..\obj\stm32f4xx_hash_sha1.o
LOAD ..\obj\stm32f4xx_usart.o
LOAD ..\obj\stm32f4xx_pwr.o
LOAD ..\obj\stm32f4xx_can.o
LOAD ..\obj\stm32f4xx_wwdg.o
LOAD ..\obj\stm32f4xx_hash_md5.o
LOAD ..\obj\stm32f4xx_dac.o
LOAD ..\obj\startup_stm32f4xx.o
LOAD ..\obj\stm32f4_discovery.o
LOAD ..\obj\stm32f4xx_crc.o
LOAD ..\obj\usbd_hid_core.o
LOAD ..\obj\stm32f4xx_iwdg.o
LOAD ..\obj\usbd_core.o
LOAD ..\obj\main.o
LOAD ..\obj\stm32f4xx_rcc.o
LOAD ..\obj\stm32f4xx_it.o
LOAD ..\obj\stm32f4xx_adc.o
LOAD ..\obj\stm32f4xx_dcmi.o
LOAD ..\obj\usbd_desc.o
LOAD ..\obj\stm32f4xx_cryp_des.o
LOAD ..\obj\stm32f4xx_cryp.o
LOAD ..\obj\stm32f4xx_fsmc.o
LOAD ..\obj\stm32f4xx_gpio.o
LOAD ..\obj\stm32f4xx_flash.o
LOAD ..\obj\system_stm32f4xx.o
LOAD ..\obj\stm32f4xx_dma.o
LOAD ..\obj\usb_bsp.o
LOAD ..\obj\usbd_req.o
LOAD ..\obj\usb_dcd_int.o
LOAD ..\obj\stm32f4xx_spi.o
LOAD ..\obj\stm32f4xx_i2c.o
LOAD ..\obj\stm32f4xx_rng.o
LOAD ..\obj\stm32f4xx_exti.o
LOAD ..\obj\misc.o
LOAD ..\obj\usb_dcd.o
LOAD ..\obj\stm32f4xx_rtc.o
LOAD ..\obj\usbd_ioreq.o
LOAD ..\obj\stm32f4xx_cryp_tdes.o
LOAD ..\obj\stm32f4xx_tim.o
LOAD ..\obj\stm32f4xx_dbgmcu.o
LOAD d:/coocox/bin/../lib/gcc/arm-none-eabi/4.8.3/../../../../arm-none-eabi/lib/armv7e-m\libm.a
START GROUP
LOAD d:/coocox/bin/../lib/gcc/arm-none-eabi/4.8.3/armv7e-m\libgcc.a
LOAD d:/coocox/bin/../lib/gcc/arm-none-eabi/4.8.3/../../../../arm-none-eabi/lib/armv7e-m\libg.a
LOAD d:/coocox/bin/../lib/gcc/arm-none-eabi/4.8.3/../../../../arm-none-eabi/lib/armv7e-m\libc.a
END GROUP
OUTPUT(usb_hid_3_Target_Flash.elf elf32-littlearm)

.debug_info     0x00000000    0x110db
 .debug_info    0x00000000      0x24b ..\obj\stm32f4xx_syscfg.o
 .debug_info    0x0000024b     0x24ef ..\obj\usb_core.o
 .debug_info    0x0000273a      0x193 ..\obj\usbd_usr.o
 .debug_info    0x000028cd      0x102 ..\obj\startup_stm32f4xx.o
 .debug_info    0x000029cf      0x85d ..\obj\stm32f4_discovery.o
 .debug_info    0x0000322c      0xd29 ..\obj\usbd_hid_core.o
 .debug_info    0x00003f55      0xe69 ..\obj\usbd_core.o
 .debug_info    0x00004dbe     0x1514 ..\obj\main.o
 .debug_info    0x000062d2      0xc21 ..\obj\stm32f4xx_rcc.o
 .debug_info    0x00006ef3      0xb3b ..\obj\stm32f4xx_it.o
 .debug_info    0x00007a2e      0x342 ..\obj\usbd_desc.o
 .debug_info    0x00007d70      0x5d6 ..\obj\stm32f4xx_gpio.o
 .debug_info    0x00008346      0x566 ..\obj\system_stm32f4xx.o
 .debug_info    0x000088ac      0xfa6 ..\obj\usb_bsp.o
 .debug_info    0x00009852      0xf6f ..\obj\usbd_req.o
 .debug_info    0x0000a7c1     0x1d41 ..\obj\usb_dcd_int.o
 .debug_info    0x0000c502      0xadb ..\obj\stm32f4xx_spi.o
 .debug_info    0x0000cfdd      0x331 ..\obj\stm32f4xx_exti.o
 .debug_info    0x0000d30e      0x51c ..\obj\misc.o
 .debug_info    0x0000d82a      0xff1 ..\obj\usb_dcd.o
 .debug_info    0x0000e81b      0xc8b ..\obj\usbd_ioreq.o
 .debug_info    0x0000f4a6     0x1c35 ..\obj\stm32f4xx_tim.o

.debug_abbrev   0x00000000     0x2626
 .debug_abbrev  0x00000000      0x131 ..\obj\stm32f4xx_syscfg.o
 .debug_abbrev  0x00000131      0x2e7 ..\obj\usb_core.o
 .debug_abbrev  0x00000418       0xdd ..\obj\usbd_usr.o
 .debug_abbrev  0x000004f5       0xd1 ..\obj\startup_stm32f4xx.o
 .debug_abbrev  0x000005c6      0x183 ..\obj\stm32f4_discovery.o
 .debug_abbrev  0x00000749      0x20c ..\obj\usbd_hid_core.o
 .debug_abbrev  0x00000955      0x21d ..\obj\usbd_core.o
 .debug_abbrev  0x00000b72      0x278 ..\obj\main.o
 .debug_abbrev  0x00000dea      0x1e3 ..\obj\stm32f4xx_rcc.o
 .debug_abbrev  0x00000fcd      0x175 ..\obj\stm32f4xx_it.o
 .debug_abbrev  0x00001142      0x12c ..\obj\usbd_desc.o
 .debug_abbrev  0x0000126e      0x1a3 ..\obj\stm32f4xx_gpio.o
 .debug_abbrev  0x00001411      0x136 ..\obj\system_stm32f4xx.o
 .debug_abbrev  0x00001547      0x211 ..\obj\usb_bsp.o
 .debug_abbrev  0x00001758      0x293 ..\obj\usbd_req.o
 .debug_abbrev  0x000019eb      0x25b ..\obj\usb_dcd_int.o
 .debug_abbrev  0x00001c46      0x167 ..\obj\stm32f4xx_spi.o
 .debug_abbrev  0x00001dad      0x1a5 ..\obj\stm32f4xx_exti.o
 .debug_abbrev  0x00001f52      0x145 ..\obj\misc.o
 .debug_abbrev  0x00002097      0x259 ..\obj\usb_dcd.o
 .debug_abbrev  0x000022f0      0x1af ..\obj\usbd_ioreq.o
 .debug_abbrev  0x0000249f      0x187 ..\obj\stm32f4xx_tim.o

.debug_aranges  0x00000000      0xcd0
 .debug_aranges
                0x00000000       0x48 ..\obj\stm32f4xx_syscfg.o
 .debug_aranges
                0x00000048      0x138 ..\obj\usb_core.o
 .debug_aranges
                0x00000180       0x40 ..\obj\usbd_usr.o
 .debug_aranges
                0x000001c0       0x28 ..\obj\startup_stm32f4xx.o
 .debug_aranges
                0x000001e8       0x48 ..\obj\stm32f4_discovery.o
 .debug_aranges
                0x00000230       0x50 ..\obj\usbd_hid_core.o
 .debug_aranges
                0x00000280       0x80 ..\obj\usbd_core.o
 .debug_aranges
                0x00000300       0x60 ..\obj\main.o
 .debug_aranges
                0x00000360      0x178 ..\obj\stm32f4xx_rcc.o
 .debug_aranges
                0x000004d8       0x70 ..\obj\stm32f4xx_it.o
 .debug_aranges
                0x00000548       0x50 ..\obj\usbd_desc.o
 .debug_aranges
                0x00000598       0x88 ..\obj\stm32f4xx_gpio.o
 .debug_aranges
                0x00000620       0x30 ..\obj\system_stm32f4xx.o
 .debug_aranges
                0x00000650       0x38 ..\obj\usb_bsp.o
 .debug_aranges
                0x00000688       0x88 ..\obj\usbd_req.o
 .debug_aranges
                0x00000710       0x80 ..\obj\usb_dcd_int.o
 .debug_aranges
                0x00000790       0xe0 ..\obj\stm32f4xx_spi.o
 .debug_aranges
                0x00000870       0x58 ..\obj\stm32f4xx_exti.o
 .debug_aranges
                0x000008c8       0x40 ..\obj\misc.o
 .debug_aranges
                0x00000908       0x80 ..\obj\usb_dcd.o
 .debug_aranges
                0x00000988       0x50 ..\obj\usbd_ioreq.o
 .debug_aranges
                0x000009d8      0x2f8 ..\obj\stm32f4xx_tim.o

.debug_ranges   0x00000000      0xb70
 .debug_ranges  0x00000000       0x38 ..\obj\stm32f4xx_syscfg.o
 .debug_ranges  0x00000038      0x128 ..\obj\usb_core.o
 .debug_ranges  0x00000160       0x30 ..\obj\usbd_usr.o
 .debug_ranges  0x00000190       0x18 ..\obj\startup_stm32f4xx.o
 .debug_ranges  0x000001a8       0x38 ..\obj\stm32f4_discovery.o
 .debug_ranges  0x000001e0       0x40 ..\obj\usbd_hid_core.o
 .debug_ranges  0x00000220       0x70 ..\obj\usbd_core.o
 .debug_ranges  0x00000290       0x50 ..\obj\main.o
 .debug_ranges  0x000002e0      0x168 ..\obj\stm32f4xx_rcc.o
 .debug_ranges  0x00000448       0x60 ..\obj\stm32f4xx_it.o
 .debug_ranges  0x000004a8       0x40 ..\obj\usbd_desc.o
 .debug_ranges  0x000004e8       0x78 ..\obj\stm32f4xx_gpio.o
 .debug_ranges  0x00000560       0x20 ..\obj\system_stm32f4xx.o
 .debug_ranges  0x00000580       0x28 ..\obj\usb_bsp.o
 .debug_ranges  0x000005a8       0x78 ..\obj\usbd_req.o
 .debug_ranges  0x00000620       0x70 ..\obj\usb_dcd_int.o
 .debug_ranges  0x00000690       0xd0 ..\obj\stm32f4xx_spi.o
 .debug_ranges  0x00000760       0x48 ..\obj\stm32f4xx_exti.o
 .debug_ranges  0x000007a8       0x30 ..\obj\misc.o
 .debug_ranges  0x000007d8       0x70 ..\obj\usb_dcd.o
 .debug_ranges  0x00000848       0x40 ..\obj\usbd_ioreq.o
 .debug_ranges  0x00000888      0x2e8 ..\obj\stm32f4xx_tim.o

.debug_line     0x00000000     0x4bd8
 .debug_line    0x00000000      0x1f5 ..\obj\stm32f4xx_syscfg.o
 .debug_line    0x000001f5      0x6ce ..\obj\usb_core.o
 .debug_line    0x000008c3      0x1a6 ..\obj\usbd_usr.o
 .debug_line    0x00000a69       0xa1 ..\obj\startup_stm32f4xx.o
 .debug_line    0x00000b0a      0x285 ..\obj\stm32f4_discovery.o
 .debug_line    0x00000d8f      0x2b6 ..\obj\usbd_hid_core.o
 .debug_line    0x00001045      0x379 ..\obj\usbd_core.o
 .debug_line    0x000013be      0x531 ..\obj\main.o
 .debug_line    0x000018ef      0x59c ..\obj\stm32f4xx_rcc.o
 .debug_line    0x00001e8b      0x234 ..\obj\stm32f4xx_it.o
 .debug_line    0x000020bf      0x1ee ..\obj\usbd_desc.o
 .debug_line    0x000022ad      0x341 ..\obj\stm32f4xx_gpio.o
 .debug_line    0x000025ee      0x1d9 ..\obj\system_stm32f4xx.o
 .debug_line    0x000027c7      0x2c8 ..\obj\usb_bsp.o
 .debug_line    0x00002a8f      0x429 ..\obj\usbd_req.o
 .debug_line    0x00002eb8      0x3b1 ..\obj\usb_dcd_int.o
 .debug_line    0x00003269      0x454 ..\obj\stm32f4xx_spi.o
 .debug_line    0x000036bd      0x2a7 ..\obj\stm32f4xx_exti.o
 .debug_line    0x00003964      0x247 ..\obj\misc.o
 .debug_line    0x00003bab      0x339 ..\obj\usb_dcd.o
 .debug_line    0x00003ee4      0x28d ..\obj\usbd_ioreq.o
 .debug_line    0x00004171      0xa67 ..\obj\stm32f4xx_tim.o

.debug_str      0x00000000     0x4c35
 .debug_str     0x00000000      0x2ad ..\obj\stm32f4xx_syscfg.o
                                0x2fa (size before relaxing)
 .debug_str     0x000002ad     0x1275 ..\obj\usb_core.o
                               0x1685 (size before relaxing)
 .debug_str     0x00001522       0xb8 ..\obj\usbd_usr.o
                                0x26a (size before relaxing)
 .debug_str     0x000015da       0xb9 ..\obj\startup_stm32f4xx.o
                                0x150 (size before relaxing)
 .debug_str     0x00001693      0x9e6 ..\obj\stm32f4_discovery.o
                                0xb42 (size before relaxing)
 .debug_str     0x00002079      0x1a1 ..\obj\usbd_hid_core.o
                                0xa49 (size before relaxing)
 .debug_str     0x0000221a      0x197 ..\obj\usbd_core.o
                                0xad3 (size before relaxing)
 .debug_str     0x000023b1      0x5ec ..\obj\main.o
                               0x10ce (size before relaxing)
 .debug_str     0x0000299d      0x661 ..\obj\stm32f4xx_rcc.o
                                0x84b (size before relaxing)
 .debug_str     0x00002ffe      0x101 ..\obj\stm32f4xx_it.o
                                0x99c (size before relaxing)
 .debug_str     0x000030ff      0x15d ..\obj\usbd_desc.o
                                0x36d (size before relaxing)
 .debug_str     0x0000325c      0x1c2 ..\obj\stm32f4xx_gpio.o
                                0x49e (size before relaxing)
 .debug_str     0x0000341e      0x103 ..\obj\system_stm32f4xx.o
                                0x386 (size before relaxing)
 .debug_str     0x00003521       0xa6 ..\obj\usb_bsp.o
                               0x10ab (size before relaxing)
 .debug_str     0x000035c7      0x19b ..\obj\usbd_req.o
                                0xafe (size before relaxing)
 .debug_str     0x00003762      0x2ad ..\obj\usb_dcd_int.o
                               0x1283 (size before relaxing)
 .debug_str     0x00003a0f      0x32f ..\obj\stm32f4xx_spi.o
                                0x685 (size before relaxing)
 .debug_str     0x00003d3e      0x125 ..\obj\stm32f4xx_exti.o
                                0x369 (size before relaxing)
 .debug_str     0x00003e63      0x186 ..\obj\misc.o
                                0x3d4 (size before relaxing)
 .debug_str     0x00003fe9      0x133 ..\obj\usb_dcd.o
                                0xb25 (size before relaxing)
 .debug_str     0x0000411c       0xf6 ..\obj\usbd_ioreq.o
                                0x9bd (size before relaxing)
 .debug_str     0x00004212      0xa23 ..\obj\stm32f4xx_tim.o
                                0xdcb (size before relaxing)

.comment        0x00000000       0x70
 .comment       0x00000000       0x70 ..\obj\stm32f4xx_syscfg.o
                                 0x71 (size before relaxing)
 .comment       0x00000000       0x71 ..\obj\usb_core.o
 .comment       0x00000000       0x71 ..\obj\usbd_usr.o
 .comment       0x00000000       0x71 ..\obj\startup_stm32f4xx.o
 .comment       0x00000000       0x71 ..\obj\stm32f4_discovery.o
 .comment       0x00000000       0x71 ..\obj\usbd_hid_core.o
 .comment       0x00000000       0x71 ..\obj\usbd_core.o
 .comment       0x00000000       0x71 ..\obj\main.o
 .comment       0x00000000       0x71 ..\obj\stm32f4xx_rcc.o
 .comment       0x00000000       0x71 ..\obj\stm32f4xx_it.o
 .comment       0x00000000       0x71 ..\obj\usbd_desc.o
 .comment       0x00000000       0x71 ..\obj\stm32f4xx_gpio.o
 .comment       0x00000000       0x71 ..\obj\system_stm32f4xx.o
 .comment       0x00000000       0x71 ..\obj\usb_bsp.o
 .comment       0x00000000       0x71 ..\obj\usbd_req.o
 .comment       0x00000000       0x71 ..\obj\usb_dcd_int.o
 .comment       0x00000000       0x71 ..\obj\stm32f4xx_spi.o
 .comment       0x00000000       0x71 ..\obj\stm32f4xx_exti.o
 .comment       0x00000000       0x71 ..\obj\misc.o
 .comment       0x00000000       0x71 ..\obj\usb_dcd.o
 .comment       0x00000000       0x71 ..\obj\usbd_ioreq.o
 .comment       0x00000000       0x71 ..\obj\stm32f4xx_tim.o

.ARM.attributes
                0x00000000       0x33
 .ARM.attributes
                0x00000000       0x33 ..\obj\stm32f4xx_syscfg.o
 .ARM.attributes
                0x00000033       0x33 ..\obj\usb_core.o
 .ARM.attributes
                0x00000066       0x33 ..\obj\usbd_usr.o
 .ARM.attributes
                0x00000099       0x33 ..\obj\startup_stm32f4xx.o
 .ARM.attributes
                0x000000cc       0x33 ..\obj\stm32f4_discovery.o
 .ARM.attributes
                0x000000ff       0x33 ..\obj\usbd_hid_core.o
 .ARM.attributes
                0x00000132       0x33 ..\obj\usbd_core.o
 .ARM.attributes
                0x00000165       0x33 ..\obj\main.o
 .ARM.attributes
                0x00000198       0x33 ..\obj\stm32f4xx_rcc.o
 .ARM.attributes
                0x000001cb       0x33 ..\obj\stm32f4xx_it.o
 .ARM.attributes
                0x000001fe       0x33 ..\obj\usbd_desc.o
 .ARM.attributes
                0x00000231       0x33 ..\obj\stm32f4xx_gpio.o
 .ARM.attributes
                0x00000264       0x33 ..\obj\system_stm32f4xx.o
 .ARM.attributes
                0x00000297       0x33 ..\obj\usb_bsp.o
 .ARM.attributes
                0x000002ca       0x33 ..\obj\usbd_req.o
 .ARM.attributes
                0x000002fd       0x33 ..\obj\usb_dcd_int.o
 .ARM.attributes
                0x00000330       0x33 ..\obj\stm32f4xx_spi.o
 .ARM.attributes
                0x00000363       0x33 ..\obj\stm32f4xx_exti.o
 .ARM.attributes
                0x00000396       0x33 ..\obj\misc.o
 .ARM.attributes
                0x000003c9       0x33 ..\obj\usb_dcd.o
 .ARM.attributes
                0x000003fc       0x33 ..\obj\usbd_ioreq.o
 .ARM.attributes
                0x0000042f       0x33 ..\obj\stm32f4xx_tim.o
 .ARM.attributes
                0x00000462       0x2e d:/coocox/bin/../lib/gcc/arm-none-eabi/4.8.3/../../../../arm-none-eabi/lib/armv7e-m\libm.a(lib_a-w_acos.o)
 .ARM.attributes
                0x00000490       0x2e d:/coocox/bin/../lib/gcc/arm-none-eabi/4.8.3/../../../../arm-none-eabi/lib/armv7e-m\libm.a(lib_a-e_acos.o)
 .ARM.attributes
                0x000004be       0x2e d:/coocox/bin/../lib/gcc/arm-none-eabi/4.8.3/../../../../arm-none-eabi/lib/armv7e-m\libm.a(lib_a-e_sqrt.o)
 .ARM.attributes
                0x000004ec       0x2e d:/coocox/bin/../lib/gcc/arm-none-eabi/4.8.3/../../../../arm-none-eabi/lib/armv7e-m\libm.a(lib_a-s_fabs.o)
 .ARM.attributes
                0x0000051a       0x2e d:/coocox/bin/../lib/gcc/arm-none-eabi/4.8.3/../../../../arm-none-eabi/lib/armv7e-m\libm.a(lib_a-s_fpclassify.o)
 .ARM.attributes
                0x00000548       0x2e d:/coocox/bin/../lib/gcc/arm-none-eabi/4.8.3/../../../../arm-none-eabi/lib/armv7e-m\libm.a(lib_a-s_lib_ver.o)
 .ARM.attributes
                0x00000576       0x2e d:/coocox/bin/../lib/gcc/arm-none-eabi/4.8.3/../../../../arm-none-eabi/lib/armv7e-m\libm.a(lib_a-s_matherr.o)
 .ARM.attributes
                0x000005a4       0x2e d:/coocox/bin/../lib/gcc/arm-none-eabi/4.8.3/../../../../arm-none-eabi/lib/armv7e-m\libm.a(lib_a-s_nan.o)
 .ARM.attributes
                0x000005d2       0x1e d:/coocox/bin/../lib/gcc/arm-none-eabi/4.8.3/armv7e-m\libgcc.a(_arm_addsubdf3.o)
 .ARM.attributes
                0x000005f0       0x1e d:/coocox/bin/../lib/gcc/arm-none-eabi/4.8.3/armv7e-m\libgcc.a(_arm_muldivdf3.o)
 .ARM.attributes
                0x0000060e       0x1e d:/coocox/bin/../lib/gcc/arm-none-eabi/4.8.3/armv7e-m\libgcc.a(_arm_cmpdf2.o)
 .ARM.attributes
                0x0000062c       0x1e d:/coocox/bin/../lib/gcc/arm-none-eabi/4.8.3/armv7e-m\libgcc.a(_arm_fixdfsi.o)
 .ARM.attributes
                0x0000064a       0x2e d:/coocox/bin/../lib/gcc/arm-none-eabi/4.8.3/../../../../arm-none-eabi/lib/armv7e-m\libg.a(lib_a-errno.o)
 .ARM.attributes
                0x00000678       0x2e d:/coocox/bin/../lib/gcc/arm-none-eabi/4.8.3/../../../../arm-none-eabi/lib/armv7e-m\libg.a(lib_a-impure.o)

.debug_frame    0x00000000     0x2990
 .debug_frame   0x00000000       0xbc ..\obj\stm32f4xx_syscfg.o
 .debug_frame   0x000000bc      0x434 ..\obj\usb_core.o
 .debug_frame   0x000004f0       0x8c ..\obj\usbd_usr.o
 .debug_frame   0x0000057c       0x48 ..\obj\startup_stm32f4xx.o
 .debug_frame   0x000005c4       0xc4 ..\obj\stm32f4_discovery.o
 .debug_frame   0x00000688       0xec ..\obj\usbd_hid_core.o
 .debug_frame   0x00000774      0x1ac ..\obj\usbd_core.o
 .debug_frame   0x00000920      0x11c ..\obj\main.o
 .debug_frame   0x00000a3c      0x4d8 ..\obj\stm32f4xx_rcc.o
 .debug_frame   0x00000f14      0x120 ..\obj\stm32f4xx_it.o
 .debug_frame   0x00001034       0xe8 ..\obj\usbd_desc.o
 .debug_frame   0x0000111c      0x19c ..\obj\stm32f4xx_gpio.o
 .debug_frame   0x000012b8       0x64 ..\obj\system_stm32f4xx.o
 .debug_frame   0x0000131c       0x8c ..\obj\usb_bsp.o
 .debug_frame   0x000013a8      0x1c8 ..\obj\usbd_req.o
 .debug_frame   0x00001570      0x1ac ..\obj\usb_dcd_int.o
 .debug_frame   0x0000171c      0x2d0 ..\obj\stm32f4xx_spi.o
 .debug_frame   0x000019ec       0xec ..\obj\stm32f4xx_exti.o
 .debug_frame   0x00001ad8       0x9c ..\obj\misc.o
 .debug_frame   0x00001b74      0x1ac ..\obj\usb_dcd.o
 .debug_frame   0x00001d20       0xec ..\obj\usbd_ioreq.o
 .debug_frame   0x00001e0c      0xa3c ..\obj\stm32f4xx_tim.o
 .debug_frame   0x00002848       0x34 d:/coocox/bin/../lib/gcc/arm-none-eabi/4.8.3/../../../../arm-none-eabi/lib/armv7e-m\libm.a(lib_a-w_acos.o)
 .debug_frame   0x0000287c       0x38 d:/coocox/bin/../lib/gcc/arm-none-eabi/4.8.3/../../../../arm-none-eabi/lib/armv7e-m\libm.a(lib_a-e_acos.o)
 .debug_frame   0x000028b4       0x34 d:/coocox/bin/../lib/gcc/arm-none-eabi/4.8.3/../../../../arm-none-eabi/lib/armv7e-m\libm.a(lib_a-e_sqrt.o)
 .debug_frame   0x000028e8       0x20 d:/coocox/bin/../lib/gcc/arm-none-eabi/4.8.3/../../../../arm-none-eabi/lib/armv7e-m\libm.a(lib_a-s_fabs.o)
 .debug_frame   0x00002908       0x28 d:/coocox/bin/../lib/gcc/arm-none-eabi/4.8.3/../../../../arm-none-eabi/lib/armv7e-m\libm.a(lib_a-s_fpclassify.o)
 .debug_frame   0x00002930       0x20 d:/coocox/bin/../lib/gcc/arm-none-eabi/4.8.3/../../../../arm-none-eabi/lib/armv7e-m\libm.a(lib_a-s_matherr.o)
 .debug_frame   0x00002950       0x20 d:/coocox/bin/../lib/gcc/arm-none-eabi/4.8.3/../../../../arm-none-eabi/lib/armv7e-m\libm.a(lib_a-s_nan.o)
 .debug_frame   0x00002970       0x20 d:/coocox/bin/../lib/gcc/arm-none-eabi/4.8.3/../../../../arm-none-eabi/lib/armv7e-m\libg.a(lib_a-errno.o)
