
Allocating common symbols
Common symbol       size              file

InBuffer            0x40              ..\obj\main.o
OutBuffer           0x3f              ..\obj\main.o
USB_OTG_dev         0x5f0             ..\obj\main.o
NVIC_InitStructure  0x4               ..\obj\stm32f4_discovery.o
USBD_StrDesc        0x3f              ..\obj\usbd_req.o

Discarded input sections

 .text          0x00000000        0x0 ..\obj\stm32f4xx_syscfg.o
 .data          0x00000000        0x0 ..\obj\stm32f4xx_syscfg.o
 .bss           0x00000000        0x0 ..\obj\stm32f4xx_syscfg.o
 .text.SYSCFG_DeInit
                0x00000000       0x20 ..\obj\stm32f4xx_syscfg.o
 .text.SYSCFG_MemoryRemapConfig
                0x00000000       0x20 ..\obj\stm32f4xx_syscfg.o
 .text.SYSCFG_ETH_MediaInterfaceConfig
                0x00000000       0x20 ..\obj\stm32f4xx_syscfg.o
 .text.SYSCFG_CompensationCellCmd
                0x00000000       0x20 ..\obj\stm32f4xx_syscfg.o
 .text.SYSCFG_GetCompensationCellStatus
                0x00000000       0x3c ..\obj\stm32f4xx_syscfg.o
 .text          0x00000000        0x0 ..\obj\usb_core.o
 .data          0x00000000        0x0 ..\obj\usb_core.o
 .bss           0x00000000        0x0 ..\obj\usb_core.o
 .text.USB_OTG_IsHostMode
                0x00000000       0x24 ..\obj\usb_core.o
 .text.USB_OTG_ReadOtgItr
                0x00000000       0x1c ..\obj\usb_core.o
 .text.USB_OTG_ActiveRemoteWakeup
                0x00000000       0x94 ..\obj\usb_core.o
 .text.USB_OTG_StopDevice
                0x00000000       0x9c ..\obj\usb_core.o
 .text.USB_OTG_GetEPStatus
                0x00000000       0xc0 ..\obj\usb_core.o
 .text.USB_OTG_SetEPStatus
                0x00000000      0x13c ..\obj\usb_core.o
 .text          0x00000000        0x0 ..\obj\stm32f4xx_sdio.o
 .data          0x00000000        0x0 ..\obj\stm32f4xx_sdio.o
 .bss           0x00000000        0x0 ..\obj\stm32f4xx_sdio.o
 .text.SDIO_DeInit
                0x00000000       0x20 ..\obj\stm32f4xx_sdio.o
 .text.SDIO_Init
                0x00000000       0x68 ..\obj\stm32f4xx_sdio.o
 .text.SDIO_StructInit
                0x00000000       0x44 ..\obj\stm32f4xx_sdio.o
 .text.SDIO_ClockCmd
                0x00000000       0x20 ..\obj\stm32f4xx_sdio.o
 .text.SDIO_SetPowerState
                0x00000000       0x20 ..\obj\stm32f4xx_sdio.o
 .text.SDIO_GetPowerState
                0x00000000       0x1c ..\obj\stm32f4xx_sdio.o
 .text.SDIO_SendCommand
                0x00000000       0x68 ..\obj\stm32f4xx_sdio.o
 .text.SDIO_CmdStructInit
                0x00000000       0x3c ..\obj\stm32f4xx_sdio.o
 .text.SDIO_GetCommandResponse
                0x00000000       0x18 ..\obj\stm32f4xx_sdio.o
 .text.SDIO_GetResponse
                0x00000000       0x2c ..\obj\stm32f4xx_sdio.o
 .text.SDIO_DataConfig
                0x00000000       0x70 ..\obj\stm32f4xx_sdio.o
 .text.SDIO_DataStructInit
                0x00000000       0x44 ..\obj\stm32f4xx_sdio.o
 .text.SDIO_GetDataCounter
                0x00000000       0x18 ..\obj\stm32f4xx_sdio.o
 .text.SDIO_ReadData
                0x00000000       0x18 ..\obj\stm32f4xx_sdio.o
 .text.SDIO_WriteData
                0x00000000       0x20 ..\obj\stm32f4xx_sdio.o
 .text.SDIO_GetFIFOCount
                0x00000000       0x18 ..\obj\stm32f4xx_sdio.o
 .text.SDIO_StartSDIOReadWait
                0x00000000       0x20 ..\obj\stm32f4xx_sdio.o
 .text.SDIO_StopSDIOReadWait
                0x00000000       0x20 ..\obj\stm32f4xx_sdio.o
 .text.SDIO_SetSDIOReadWaitMode
                0x00000000       0x20 ..\obj\stm32f4xx_sdio.o
 .text.SDIO_SetSDIOOperation
                0x00000000       0x20 ..\obj\stm32f4xx_sdio.o
 .text.SDIO_SendSDIOSuspendCmd
                0x00000000       0x20 ..\obj\stm32f4xx_sdio.o
 .text.SDIO_CommandCompletionCmd
                0x00000000       0x20 ..\obj\stm32f4xx_sdio.o
 .text.SDIO_CEATAITCmd
                0x00000000       0x30 ..\obj\stm32f4xx_sdio.o
 .text.SDIO_SendCEATACmd
                0x00000000       0x20 ..\obj\stm32f4xx_sdio.o
 .text.SDIO_DMACmd
                0x00000000       0x20 ..\obj\stm32f4xx_sdio.o
 .text.SDIO_ITConfig
                0x00000000       0x54 ..\obj\stm32f4xx_sdio.o
 .text.SDIO_GetFlagStatus
                0x00000000       0x3c ..\obj\stm32f4xx_sdio.o
 .text.SDIO_ClearFlag
                0x00000000       0x20 ..\obj\stm32f4xx_sdio.o
 .text.SDIO_GetITStatus
                0x00000000       0x3c ..\obj\stm32f4xx_sdio.o
 .text.SDIO_ClearITPendingBit
                0x00000000       0x20 ..\obj\stm32f4xx_sdio.o
 .debug_info    0x00000000      0x8bb ..\obj\stm32f4xx_sdio.o
 .debug_abbrev  0x00000000      0x179 ..\obj\stm32f4xx_sdio.o
 .debug_loc     0x00000000      0x648 ..\obj\stm32f4xx_sdio.o
 .debug_aranges
                0x00000000      0x108 ..\obj\stm32f4xx_sdio.o
 .debug_ranges  0x00000000       0xf8 ..\obj\stm32f4xx_sdio.o
 .debug_line    0x00000000      0x4d8 ..\obj\stm32f4xx_sdio.o
 .debug_str     0x00000000      0x620 ..\obj\stm32f4xx_sdio.o
[...]
Memory Configuration

Name             Origin             Length             Attributes
rom              0x08000000         0x00100000         xr
ram              0x20000000         0x00020000         xrw
ram1             0x10000000         0x00010000         xrw
*default*        0x00000000         0xffffffff

Linker script and memory map

                0x20020000                _eram = 0x20020000

.text           0x08000000     0x4ba4
 *(.isr_vector .isr_vector.*)
 .isr_vector    0x08000000      0x188 ..\obj\startup_stm32f4xx.o
                0x08000000                g_pfnVectors
 *(.text .text.* .gnu.linkonce.t.*)
 .text.SYSCFG_EXTILineConfig
                0x08000188       0xb0 ..\obj\stm32f4xx_syscfg.o
                0x08000188                SYSCFG_EXTILineConfig
 .text.USB_OTG_EnableCommonInt
                0x08000238       0x44 ..\obj\usb_core.o
 .text.USB_OTG_CoreReset
                0x0800027c       0xa8 ..\obj\usb_core.o
 .text.USB_OTG_WritePacket
                0x08000324       0x84 ..\obj\usb_core.o
                0x08000324                USB_OTG_WritePacket
 .text.USB_OTG_ReadPacket
                0x080003a8       0x68 ..\obj\usb_core.o
                0x080003a8                USB_OTG_ReadPacket
 .text.USB_OTG_SelectCore
                0x08000410      0x1b4 ..\obj\usb_core.o
                0x08000410                USB_OTG_SelectCore
 .text.USB_OTG_CoreInit
                0x080005c4      0x1f8 ..\obj\usb_core.o
                0x080005c4                USB_OTG_CoreInit
 .text.USB_OTG_EnableGlobalInt
                0x080007bc       0x3c ..\obj\usb_core.o
                0x080007bc                USB_OTG_EnableGlobalInt
 .text.USB_OTG_DisableGlobalInt
                0x080007f8       0x40 ..\obj\usb_core.o
                0x080007f8                USB_OTG_DisableGlobalInt
 .text.USB_OTG_FlushTxFifo
                0x08000838       0x80 ..\obj\usb_core.o
                0x08000838                USB_OTG_FlushTxFifo
 .text.USB_OTG_FlushRxFifo
                0x080008b8       0x6c ..\obj\usb_core.o
                0x080008b8                USB_OTG_FlushRxFifo
 .text.USB_OTG_SetCurrentMode
                0x08000924       0x64 ..\obj\usb_core.o
                0x08000924                USB_OTG_SetCurrentMode
 .text.USB_OTG_GetMode
                0x08000988       0x20 ..\obj\usb_core.o
                0x08000988                USB_OTG_GetMode
 .text.USB_OTG_IsDeviceMode
                0x080009a8       0x24 ..\obj\usb_core.o
                0x080009a8                USB_OTG_IsDeviceMode
 .text.USB_OTG_ReadCoreItr
                0x080009cc       0x30 ..\obj\usb_core.o
                0x080009cc                USB_OTG_ReadCoreItr
 .text.USB_OTG_InitDevSpeed
                0x080009fc       0x38 ..\obj\usb_core.o
                0x080009fc                USB_OTG_InitDevSpeed
 .text.USB_OTG_CoreInitDev
                0x08000a34      0x2d4 ..\obj\usb_core.o
                0x08000a34                USB_OTG_CoreInitDev
 .text.USB_OTG_EnableDevInt
                0x08000d08       0xa4 ..\obj\usb_core.o
                0x08000d08                USB_OTG_EnableDevInt
 .text.USB_OTG_GetDeviceSpeed
                0x08000dac       0x50 ..\obj\usb_core.o
                0x08000dac                USB_OTG_GetDeviceSpeed
 .text.USB_OTG_EP0Activate
                0x08000dfc       0x80 ..\obj\usb_core.o
                0x08000dfc                USB_OTG_EP0Activate
 .text.USB_OTG_EPActivate
                0x08000e7c       0xf8 ..\obj\usb_core.o
                0x08000e7c                USB_OTG_EPActivate
 .text.USB_OTG_EPDeactivate
                0x08000f74       0xa4 ..\obj\usb_core.o
                0x08000f74                USB_OTG_EPDeactivate
 .text.USB_OTG_EPStartXfer
                0x08001018      0x2d0 ..\obj\usb_core.o
                0x08001018                USB_OTG_EPStartXfer
 .text.USB_OTG_EP0StartXfer
                0x080012e8      0x200 ..\obj\usb_core.o
                0x080012e8                USB_OTG_EP0StartXfer
 .text.USB_OTG_EPSetStall
                0x080014e8       0x94 ..\obj\usb_core.o
                0x080014e8                USB_OTG_EPSetStall
 .text.USB_OTG_EPClearStall
                0x0800157c       0x84 ..\obj\usb_core.o
                0x0800157c                USB_OTG_EPClearStall
 .text.USB_OTG_ReadDevAllOutEp_itr
                0x08001600       0x30 ..\obj\usb_core.o
                0x08001600                USB_OTG_ReadDevAllOutEp_itr
 .text.USB_OTG_ReadDevOutEP_itr
                0x08001630       0x3c ..\obj\usb_core.o
                0x08001630                USB_OTG_ReadDevOutEP_itr
 .text.USB_OTG_ReadDevAllInEPItr
                0x0800166c       0x34 ..\obj\usb_core.o
                0x0800166c                USB_OTG_ReadDevAllInEPItr
 .text.USB_OTG_EP0_OutStart
                0x080016a0       0x78 ..\obj\usb_core.o
                0x080016a0                USB_OTG_EP0_OutStart
 .text.USB_OTG_UngateClock
                0x08001718       0x54 ..\obj\usb_core.o
                0x08001718                USB_OTG_UngateClock
 .text.USBD_USR_Init
                0x0800176c        0xc ..\obj\usbd_usr.o
                0x0800176c                USBD_USR_Init
 .text.USBD_USR_DeviceReset
                0x08001778       0x14 ..\obj\usbd_usr.o
                0x08001778                USBD_USR_DeviceReset
 .text.USBD_USR_DeviceConfigured
                0x0800178c        0xc ..\obj\usbd_usr.o
                0x0800178c                USBD_USR_DeviceConfigured
 .text.USBD_USR_DeviceSuspended
                0x08001798        0xc ..\obj\usbd_usr.o
                0x08001798                USBD_USR_DeviceSuspended
 .text.USBD_USR_DeviceResumed
                0x080017a4        0xc ..\obj\usbd_usr.o
                0x080017a4                USBD_USR_DeviceResumed
 .text.Default_Reset_Handler
                0x080017b0       0x80 ..\obj\startup_stm32f4xx.o
                0x080017b0                Default_Reset_Handler
                0x080017b0                Reset_Handler
 .text.Default_Handler
                0x08001830        0x8 ..\obj\startup_stm32f4xx.o
                0x08001830                RTC_Alarm_IRQHandler
                0x08001830                HASH_RNG_IRQHandler
                0x08001830                EXTI2_IRQHandler
                0x08001830                TIM8_CC_IRQHandler
                0x08001830                TIM1_CC_IRQHandler
                0x08001830                DMA2_Stream5_IRQHandler
                0x08001830                DMA1_Stream5_IRQHandler
                0x08001830                PVD_IRQHandler
                0x08001830                SDIO_IRQHandler
                0x08001830                TAMP_STAMP_IRQHandler
                0x08001830                CAN2_RX1_IRQHandler
                0x08001830                EXTI3_IRQHandler
                0x08001830                TIM8_TRG_COM_TIM14_IRQHandler
                0x08001830                TIM1_UP_TIM10_IRQHandler
                0x08001830                TIM8_UP_TIM13_IRQHandler
                0x08001830                I2C3_ER_IRQHandler
                0x08001830                EXTI0_IRQHandler
                0x08001830                I2C2_EV_IRQHandler
                0x08001830                DMA1_Stream2_IRQHandler
                0x08001830                CAN1_RX0_IRQHandler
                0x08001830                FPU_IRQHandler
                0x08001830                OTG_HS_WKUP_IRQHandler
                0x08001830                CAN2_SCE_IRQHandler
                0x08001830                DMA2_Stream2_IRQHandler
                0x08001830                SPI1_IRQHandler
                0x08001830                TIM6_DAC_IRQHandler
                0x08001830                TIM1_BRK_TIM9_IRQHandler
                0x08001830                DCMI_IRQHandler
                0x08001830                CAN2_RX0_IRQHandler
                0x08001830                DMA2_Stream3_IRQHandler
                0x08001830                USART6_IRQHandler
                0x08001830                USART3_IRQHandler
                0x08001830                CRYP_IRQHandler
                0x08001830                CAN1_RX1_IRQHandler
                0x08001830                UART5_IRQHandler
                0x08001830                DMA2_Stream0_IRQHandler
                0x08001830                TIM4_IRQHandler
                0x08001830                I2C1_EV_IRQHandler
                0x08001830                DMA1_Stream6_IRQHandler
                0x08001830                DMA1_Stream1_IRQHandler
                0x08001830                UART4_IRQHandler
                0x08001830                TIM3_IRQHandler
                0x08001830                RCC_IRQHandler
                0x08001830                TIM8_BRK_TIM12_IRQHandler
                0x08001830                EXTI15_10_IRQHandler
                0x08001830                ADC_IRQHandler
                0x08001830                DMA1_Stream7_IRQHandler
                0x08001830                TIM7_IRQHandler
                0x08001830                CAN2_TX_IRQHandler
                0x08001830                TIM5_IRQHandler
                0x08001830                DMA2_Stream7_IRQHandler
                0x08001830                I2C3_EV_IRQHandler
                0x08001830                EXTI9_5_IRQHandler
                0x08001830                RTC_WKUP_IRQHandler
                0x08001830                ETH_WKUP_IRQHandler
                0x08001830                SPI2_IRQHandler
                0x08001830                OTG_HS_EP1_IN_IRQHandler
                0x08001830                DMA1_Stream0_IRQHandler
                0x08001830                CAN1_TX_IRQHandler
                0x08001830                EXTI4_IRQHandler
                0x08001830                FSMC_IRQHandler
                0x08001830                ETH_IRQHandler
                0x08001830                OTG_HS_EP1_OUT_IRQHandler
                0x08001830                WWDG_IRQHandler
                0x08001830                TIM2_IRQHandler
                0x08001830                TIM1_TRG_COM_TIM11_IRQHandler
                0x08001830                OTG_HS_IRQHandler
                0x08001830                EXTI1_IRQHandler
                0x08001830                USART2_IRQHandler
                0x08001830                I2C2_ER_IRQHandler
                0x08001830                DMA2_Stream1_IRQHandler
                0x08001830                CAN1_SCE_IRQHandler
                0x08001830                FLASH_IRQHandler
                0x08001830                DMA2_Stream4_IRQHandler
                0x08001830                USART1_IRQHandler
                0x08001830                SPI3_IRQHandler
                0x08001830                DMA1_Stream4_IRQHandler
                0x08001830                I2C1_ER_IRQHandler
                0x08001830                DMA2_Stream6_IRQHandler
                0x08001830                DMA1_Stream3_IRQHandler
 .text.STM32F4_Discovery_LEDInit
                0x08001838       0x6c ..\obj\stm32f4_discovery.o
                0x08001838                STM32F4_Discovery_LEDInit
 .text.STM32F4_Discovery_LEDOn
                0x080018a4       0x34 ..\obj\stm32f4_discovery.o
                0x080018a4                STM32F4_Discovery_LEDOn
 .text.STM32F4_Discovery_LEDOff
                0x080018d8       0x34 ..\obj\stm32f4_discovery.o
                0x080018d8                STM32F4_Discovery_LEDOff
 .text.STM32F4_Discovery_PBInit
                0x0800190c       0xec ..\obj\stm32f4_discovery.o
                0x0800190c                STM32F4_Discovery_PBInit
 .text.STM32F4_Discovery_PBGetState
                0x080019f8       0x3c ..\obj\stm32f4_discovery.o
                0x080019f8                STM32F4_Discovery_PBGetState
 .text.USBD_HID_Init
                0x08001a34       0x54 ..\obj\usbd_hid_core.o
 .text.USBD_HID_DeInit
                0x08001a88       0x30 ..\obj\usbd_hid_core.o
 .text.USBD_HID_Setup
                0x08001ab8      0x168 ..\obj\usbd_hid_core.o
 .text.USBD_HID_SendReport
                0x08001c20       0x34 ..\obj\usbd_hid_core.o
                0x08001c20                USBD_HID_SendReport
 .text.USBD_HID_GetCfgDesc
                0x08001c54       0x28 ..\obj\usbd_hid_core.o
 .text.USBD_HID_DataIn
                0x08001c7c       0x24 ..\obj\usbd_hid_core.o
 .text.USBD_HID_DataOut
                0x08001ca0       0x64 ..\obj\usbd_hid_core.o
 .text.USBD_Init
                0x08001d04       0x58 ..\obj\usbd_core.o
                0x08001d04                USBD_Init
 .text.USBD_DeInit
                0x08001d5c       0x18 ..\obj\usbd_core.o
                0x08001d5c                USBD_DeInit
 .text.USBD_SetupStage
                0x08001d74       0x70 ..\obj\usbd_core.o
 .text.USBD_DataOutStage
                0x08001de4       0xd4 ..\obj\usbd_core.o
 .text.USBD_DataInStage
                0x08001eb8      0x114 ..\obj\usbd_core.o
 .text.USBD_Reset
                0x08001fcc       0x54 ..\obj\usbd_core.o
 .text.USBD_Resume
                0x08002020       0x2c ..\obj\usbd_core.o
 .text.USBD_Suspend
                0x0800204c       0x2c ..\obj\usbd_core.o
 .text.USBD_SOF
                0x08002078       0x30 ..\obj\usbd_core.o
 .text.USBD_SetCfg
                0x080020a8       0x34 ..\obj\usbd_core.o
                0x080020a8                USBD_SetCfg
 .text.USBD_ClrCfg
                0x080020dc       0x2c ..\obj\usbd_core.o
                0x080020dc                USBD_ClrCfg
 .text.USBD_IsoINIncomplete
                0x08002108       0x24 ..\obj\usbd_core.o
 .text.USBD_IsoOUTIncomplete
                0x0800212c       0x24 ..\obj\usbd_core.o
 .text.main     0x08002150      0x184 ..\obj\main.o
                0x08002150                main
 .text.Delay    0x080022d4       0x20 ..\obj\main.o
                0x080022d4                Delay
 .text.RCC_AHB1PeriphClockCmd
                0x080022f4       0x54 ..\obj\stm32f4xx_rcc.o
                0x080022f4                RCC_AHB1PeriphClockCmd
 .text.RCC_AHB2PeriphClockCmd
                0x08002348       0x54 ..\obj\stm32f4xx_rcc.o
                0x08002348                RCC_AHB2PeriphClockCmd
 .text.RCC_APB2PeriphClockCmd
                0x0800239c       0x54 ..\obj\stm32f4xx_rcc.o
                0x0800239c                RCC_APB2PeriphClockCmd
 .text.RCC_APB1PeriphResetCmd
                0x080023f0       0x54 ..\obj\stm32f4xx_rcc.o
                0x080023f0                RCC_APB1PeriphResetCmd
 .text.NMI_Handler
                0x08002444        0xc ..\obj\stm32f4xx_it.o
                0x08002444                NMI_Handler
 .text.HardFault_Handler
                0x08002450        0x8 ..\obj\stm32f4xx_it.o
                0x08002450                HardFault_Handler
 .text.MemManage_Handler
                0x08002458        0x8 ..\obj\stm32f4xx_it.o
                0x08002458                MemManage_Handler
 .text.BusFault_Handler
                0x08002460        0x8 ..\obj\stm32f4xx_it.o
                0x08002460                BusFault_Handler
 .text.UsageFault_Handler
                0x08002468        0x8 ..\obj\stm32f4xx_it.o
                0x08002468                UsageFault_Handler
 .text.SVC_Handler
                0x08002470        0xc ..\obj\stm32f4xx_it.o
                0x08002470                SVC_Handler
 .text.DebugMon_Handler
                0x0800247c        0xc ..\obj\stm32f4xx_it.o
                0x0800247c                DebugMon_Handler
 .text.PendSV_Handler
                0x08002488        0xc ..\obj\stm32f4xx_it.o
                0x08002488                PendSV_Handler
 .text.SysTick_Handler
                0x08002494        0xc ..\obj\stm32f4xx_it.o
                0x08002494                SysTick_Handler
 .text.OTG_FS_WKUP_IRQHandler
                0x080024a0       0x44 ..\obj\stm32f4xx_it.o
                0x080024a0                OTG_FS_WKUP_IRQHandler
 .text.OTG_FS_IRQHandler
                0x080024e4       0x14 ..\obj\stm32f4xx_it.o
                0x080024e4                OTG_FS_IRQHandler
 .text.USBD_USR_DeviceDescriptor
                0x080024f8       0x28 ..\obj\usbd_desc.o
                0x080024f8                USBD_USR_DeviceDescriptor
 .text.USBD_USR_LangIDStrDescriptor
                0x08002520       0x28 ..\obj\usbd_desc.o
                0x08002520                USBD_USR_LangIDStrDescriptor
 .text.USBD_USR_ProductStrDescriptor
                0x08002548       0x54 ..\obj\usbd_desc.o
                0x08002548                USBD_USR_ProductStrDescriptor
 .text.USBD_USR_ManufacturerStrDescriptor
                0x0800259c       0x34 ..\obj\usbd_desc.o
                0x0800259c                USBD_USR_ManufacturerStrDescriptor
 .text.USBD_USR_SerialStrDescriptor
                0x080025d0       0x54 ..\obj\usbd_desc.o
                0x080025d0                USBD_USR_SerialStrDescriptor
 .text.USBD_USR_ConfigStrDescriptor
                0x08002624       0x54 ..\obj\usbd_desc.o
                0x08002624                USBD_USR_ConfigStrDescriptor
 .text.USBD_USR_InterfaceStrDescriptor
                0x08002678       0x54 ..\obj\usbd_desc.o
                0x08002678                USBD_USR_InterfaceStrDescriptor
 .text.GPIO_Init
                0x080026cc      0x144 ..\obj\stm32f4xx_gpio.o
                0x080026cc                GPIO_Init
 .text.GPIO_ReadInputDataBit
                0x08002810       0x3c ..\obj\stm32f4xx_gpio.o
                0x08002810                GPIO_ReadInputDataBit
 .text.GPIO_PinAFConfig
                0x0800284c       0xa8 ..\obj\stm32f4xx_gpio.o
                0x0800284c                GPIO_PinAFConfig
 .text.SystemInit
                0x080028f4       0x94 ..\obj\system_stm32f4xx.o
                0x080028f4                SystemInit
 .text.SetSysClock
                0x08002988      0x188 ..\obj\system_stm32f4xx.o
 .text.USB_OTG_BSP_Init
                0x08002b10      0x10c ..\obj\usb_bsp.o
                0x08002b10                USB_OTG_BSP_Init
 .text.USB_OTG_BSP_EnableInterrupt
                0x08002c1c       0x3c ..\obj\usb_bsp.o
                0x08002c1c                USB_OTG_BSP_EnableInterrupt
 .text.USB_OTG_BSP_uDelay
                0x08002c58       0x58 ..\obj\usb_bsp.o
                0x08002c58                USB_OTG_BSP_uDelay
 .text.USB_OTG_BSP_mDelay
                0x08002cb0       0x20 ..\obj\usb_bsp.o
                0x08002cb0                USB_OTG_BSP_mDelay
 .text.USBD_StdDevReq
                0x08002cd0       0xa4 ..\obj\usbd_req.o
                0x08002cd0                USBD_StdDevReq
 .text.USBD_StdItfReq
                0x08002d74       0x6c ..\obj\usbd_req.o
                0x08002d74                USBD_StdItfReq
 .text.USBD_StdEPReq
                0x08002de0      0x1e4 ..\obj\usbd_req.o
                0x08002de0                USBD_StdEPReq
 .text.USBD_GetDescriptor
                0x08002fc4      0x1c8 ..\obj\usbd_req.o
 .text.USBD_SetAddress
                0x0800318c       0x80 ..\obj\usbd_req.o
 .text.USBD_SetConfig
                0x0800320c      0x134 ..\obj\usbd_req.o
 .text.USBD_GetConfig
                0x08003340       0x68 ..\obj\usbd_req.o
 .text.USBD_GetStatus
                0x080033a8       0x68 ..\obj\usbd_req.o
 .text.USBD_SetFeature
                0x08003410       0xe0 ..\obj\usbd_req.o
 .text.USBD_ClrFeature
                0x080034f0       0x58 ..\obj\usbd_req.o
 .text.USBD_ParseSetupRequest
                0x08003548       0x94 ..\obj\usbd_req.o
                0x08003548                USBD_ParseSetupRequest
 .text.USBD_CtlError
                0x080035dc       0x50 ..\obj\usbd_req.o
                0x080035dc                USBD_CtlError
 .text.USBD_GetString
                0x0800362c       0x9c ..\obj\usbd_req.o
                0x0800362c                USBD_GetString
 .text.USBD_GetLen
                0x080036c8       0x38 ..\obj\usbd_req.o
 .text.USBD_OTG_ISR_Handler
                0x08003700      0x164 ..\obj\usb_dcd_int.o
                0x08003700                USBD_OTG_ISR_Handler
 .text.DCD_HandleResume_ISR
                0x08003864       0x8c ..\obj\usb_dcd_int.o
 .text.DCD_HandleUSBSuspend_ISR
                0x080038f0       0xb0 ..\obj\usb_dcd_int.o
 .text.DCD_HandleInEP_ISR
                0x080039a0      0x22c ..\obj\usb_dcd_int.o
 .text.DCD_HandleOutEP_ISR
                0x08003bcc      0x1b0 ..\obj\usb_dcd_int.o
 .text.DCD_HandleSof_ISR
                0x08003d7c       0x3c ..\obj\usb_dcd_int.o
 .text.DCD_HandleRxStatusQueueLevel_ISR
                0x08003db8      0x114 ..\obj\usb_dcd_int.o
 .text.DCD_WriteEmptyTxFifo
                0x08003ecc      0x100 ..\obj\usb_dcd_int.o
 .text.DCD_HandleUsbReset_ISR
                0x08003fcc      0x170 ..\obj\usb_dcd_int.o
 .text.DCD_HandleEnumDone_ISR
                0x0800413c       0x88 ..\obj\usb_dcd_int.o
 .text.DCD_IsoINIncomplete_ISR
                0x080041c4       0x3c ..\obj\usb_dcd_int.o
 .text.DCD_IsoOUTIncomplete_ISR
                0x08004200       0x3c ..\obj\usb_dcd_int.o
 .text.DCD_ReadDevInEP
                0x0800423c       0x58 ..\obj\usb_dcd_int.o
 .text.EXTI_Init
                0x08004294      0x138 ..\obj\stm32f4xx_exti.o
                0x08004294                EXTI_Init
 .text.EXTI_ClearITPendingBit
                0x080043cc       0x20 ..\obj\stm32f4xx_exti.o
                0x080043cc                EXTI_ClearITPendingBit
 .text.NVIC_PriorityGroupConfig
                0x080043ec       0x28 ..\obj\misc.o
                0x080043ec                NVIC_PriorityGroupConfig
 .text.NVIC_Init
                0x08004414       0xe4 ..\obj\misc.o
                0x08004414                NVIC_Init
 .text.DCD_Init
                0x080044f8      0x12c ..\obj\usb_dcd.o
                0x080044f8                DCD_Init
 .text.DCD_EP_Open
                0x08004624       0xac ..\obj\usb_dcd.o
                0x08004624                DCD_EP_Open
 .text.DCD_EP_Close
                0x080046d0       0x80 ..\obj\usb_dcd.o
                0x080046d0                DCD_EP_Close
 .text.DCD_EP_PrepareRx
                0x08004750       0x8c ..\obj\usb_dcd.o
                0x08004750                DCD_EP_PrepareRx
 .text.DCD_EP_Tx
                0x080047dc       0x84 ..\obj\usb_dcd.o
                0x080047dc                DCD_EP_Tx
 .text.DCD_EP_Stall
                0x08004860       0x84 ..\obj\usb_dcd.o
                0x08004860                DCD_EP_Stall
 .text.DCD_EP_ClrStall
                0x080048e4       0x84 ..\obj\usb_dcd.o
                0x080048e4                DCD_EP_ClrStall
 .text.DCD_EP_Flush
                0x08004968       0x38 ..\obj\usb_dcd.o
                0x08004968                DCD_EP_Flush
 .text.DCD_EP_SetAddress
                0x080049a0       0x3c ..\obj\usb_dcd.o
                0x080049a0                DCD_EP_SetAddress
 .text.USBD_CtlSendData
                0x080049dc       0x48 ..\obj\usbd_ioreq.o
                0x080049dc                USBD_CtlSendData
 .text.USBD_CtlContinueSendData
                0x08004a24       0x30 ..\obj\usbd_ioreq.o
                0x08004a24                USBD_CtlContinueSendData
 .text.USBD_CtlContinueRx
                0x08004a54       0x30 ..\obj\usbd_ioreq.o
                0x08004a54                USBD_CtlContinueRx
 .text.USBD_CtlSendStatus
                0x08004a84       0x3c ..\obj\usbd_ioreq.o
                0x08004a84                USBD_CtlSendStatus
 .text.USBD_CtlReceiveStatus
                0x08004ac0       0x3c ..\obj\usbd_ioreq.o
                0x08004ac0                USBD_CtlReceiveStatus
 *(.glue_7t)
 .glue_7t       0x00000000        0x0 linker stubs
 *(.glue_7)
 .glue_7        0x00000000        0x0 linker stubs
 *(.rodata .rodata* .gnu.linkonce.r.*)
 .rodata        0x08004afc       0x30 ..\obj\stm32f4_discovery.o
                0x08004afc                GPIO_PIN
                0x08004b04                GPIO_CLK
                0x08004b14                BUTTON_PIN
                0x08004b18                BUTTON_CLK
                0x08004b1c                BUTTON_EXTI_LINE
                0x08004b20                BUTTON_PORT_SOURCE
                0x08004b24                BUTTON_PIN_SOURCE
                0x08004b28                BUTTON_IRQn
 .rodata        0x08004b2c       0x78 ..\obj\usbd_desc.o

.vfp11_veneer   0x08004ba4        0x0
 .vfp11_veneer  0x00000000        0x0 linker stubs

.v4_bx          0x08004ba4        0x0
 .v4_bx         0x00000000        0x0 linker stubs

.iplt           0x08004ba4        0x0
 .iplt          0x00000000        0x0 ..\obj\stm32f4xx_syscfg.o

.rel.dyn        0x08004ba4        0x0
 .rel.iplt      0x00000000        0x0 ..\obj\stm32f4xx_syscfg.o

.ARM.extab
 *(.ARM.extab* .gnu.linkonce.armextab.*)
                0x08004ba4                __exidx_start = .

.ARM.exidx
 *(.ARM.exidx* .gnu.linkonce.armexidx.*)
                0x08004ba4                __exidx_end = .
                0x08004ba4                . = ALIGN (0x4)
                0x08004ba4                _etext = .
                0x08004ba4                _sidata = .

.data           0x20000000      0x110 load address 0x08004ba4
                0x20000000                _sdata = .
 *(.data .data.*)
 .data          0x20000000       0x1c ..\obj\usbd_usr.o
                0x20000000                USR_cb
 .data          0x2000001c       0x14 ..\obj\stm32f4_discovery.o
                0x2000001c                GPIO_PORT
                0x2000002c                BUTTON_PORT
 .data          0x20000030       0x70 ..\obj\usbd_hid_core.o
                0x20000030                USBD_HID_cb
 .data          0x200000a0       0x30 ..\obj\usbd_core.o
                0x200000a0                USBD_DCD_INT_cb
                0x200000cc                USBD_DCD_INT_fops
 .data          0x200000d0       0x40 ..\obj\usbd_desc.o
                0x200000d0                USR_desc
                0x200000ec                USBD_DeviceDesc
                0x20000100                USBD_DeviceQualifierDesc
                0x2000010c                USBD_LangIDDesc
                0x20000110                . = ALIGN (0x4)
                0x20000110                _edata = .

.igot.plt       0x20000110        0x0 load address 0x08004cb4
 .igot.plt      0x00000000        0x0 ..\obj\stm32f4xx_syscfg.o

.bss            0x20000110      0x70c load address 0x08004cb4
                0x20000110                _sbss = .
 *(.bss .bss.*)
 .bss           0x20000110       0x4c ..\obj\usbd_hid_core.o
 .bss           0x2000015c       0x10 ..\obj\usbd_req.o
                0x2000015c                USBD_ep_status
                0x20000160                USBD_default_cfg
                0x20000164                USBD_cfg_status
 *(COMMON)
 COMMON         0x2000016c      0x670 ..\obj\main.o
                0x2000016c                InBuffer
                0x200001ac                OutBuffer
                0x200001ec                USB_OTG_dev
 COMMON         0x200007dc       0x3f ..\obj\usbd_req.o
                0x200007dc                USBD_StrDesc
                0x2000081c                . = ALIGN (0x4)
 *fill*         0x2000081b        0x1 00
                0x2000081c                _ebss = .

.co_stack       0x2000081c      0x804 load address 0x080053c0
                0x20000820                . = ALIGN (0x8)
 *fill*         0x2000081c        0x4 00
 *(.co_stack .co_stack.*)
 .co_stack      0x20000820      0x800 ..\obj\startup_stm32f4xx.o
                0x20000820                pulStack
                0x20001020                . = ALIGN (0x4)
                0x20001020                _end = .
LOAD ..\obj\stm32f4xx_syscfg.o
LOAD ..\obj\usb_core.o
LOAD ..\obj\stm32f4xx_sdio.o
LOAD ..\obj\stm32f4xx_cryp_aes.o
LOAD ..\obj\stm32f4xx_hash.o
LOAD ..\obj\usbd_usr.o
LOAD ..\obj\stm32f4xx_hash_sha1.o
LOAD ..\obj\stm32f4xx_usart.o
LOAD ..\obj\stm32f4xx_pwr.o
LOAD ..\obj\stm32f4xx_can.o
LOAD ..\obj\stm32f4xx_wwdg.o
LOAD ..\obj\stm32f4xx_hash_md5.o
LOAD ..\obj\stm32f4xx_dac.o
LOAD ..\obj\startup_stm32f4xx.o
LOAD ..\obj\stm32f4_discovery.o
LOAD ..\obj\stm32f4xx_crc.o
LOAD ..\obj\usbd_hid_core.o
LOAD ..\obj\stm32f4xx_iwdg.o
LOAD ..\obj\usbd_core.o
LOAD ..\obj\main.o
LOAD ..\obj\stm32f4xx_rcc.o
LOAD ..\obj\stm32f4xx_it.o
LOAD ..\obj\stm32f4xx_adc.o
LOAD ..\obj\stm32f4xx_dcmi.o
LOAD ..\obj\usbd_desc.o
LOAD ..\obj\stm32f4xx_cryp_des.o
LOAD ..\obj\stm32f4xx_cryp.o
LOAD ..\obj\stm32f4xx_fsmc.o
LOAD ..\obj\stm32f4xx_gpio.o
LOAD ..\obj\stm32f4xx_flash.o
LOAD ..\obj\system_stm32f4xx.o
LOAD ..\obj\stm32f4xx_dma.o
LOAD ..\obj\usb_bsp.o
LOAD ..\obj\usbd_req.o
LOAD ..\obj\usb_dcd_int.o
LOAD ..\obj\stm32f4xx_spi.o
LOAD ..\obj\stm32f4xx_i2c.o
LOAD ..\obj\stm32f4xx_rng.o
LOAD ..\obj\stm32f4xx_exti.o
LOAD ..\obj\misc.o
LOAD ..\obj\usb_dcd.o
LOAD ..\obj\stm32f4xx_rtc.o
LOAD ..\obj\usbd_ioreq.o
LOAD ..\obj\stm32f4xx_cryp_tdes.o
LOAD ..\obj\stm32f4xx_tim.o
LOAD ..\obj\stm32f4xx_dbgmcu.o
LOAD c:/program files (x86)/gnu tools arm embedded/4.7 2013q3/bin/../lib/gcc/arm-none-eabi/4.7.4/../../../../arm-none-eabi/lib/armv7e-m\libm.a
START GROUP
LOAD c:/program files (x86)/gnu tools arm embedded/4.7 2013q3/bin/../lib/gcc/arm-none-eabi/4.7.4/armv7e-m\libgcc.a
LOAD c:/program files (x86)/gnu tools arm embedded/4.7 2013q3/bin/../lib/gcc/arm-none-eabi/4.7.4/../../../../arm-none-eabi/lib/armv7e-m\libg.a
LOAD c:/program files (x86)/gnu tools arm embedded/4.7 2013q3/bin/../lib/gcc/arm-none-eabi/4.7.4/../../../../arm-none-eabi/lib/armv7e-m\libc.a
END GROUP
OUTPUT(usb_hid_3_Target_Flash.elf elf32-littlearm)

.debug_info     0x00000000     0xf5f2
 .debug_info    0x00000000      0x279 ..\obj\stm32f4xx_syscfg.o
 .debug_info    0x00000279     0x2819 ..\obj\usb_core.o
 .debug_info    0x00002a92      0x1c3 ..\obj\usbd_usr.o
 .debug_info    0x00002c55      0x11a ..\obj\startup_stm32f4xx.o
 .debug_info    0x00002d6f      0x8ba ..\obj\stm32f4_discovery.o
 .debug_info    0x00003629      0xe7f ..\obj\usbd_hid_core.o
 .debug_info    0x000044a8      0xff1 ..\obj\usbd_core.o
 .debug_info    0x00005499      0xd26 ..\obj\main.o
 .debug_info    0x000061bf      0xd49 ..\obj\stm32f4xx_rcc.o
 .debug_info    0x00006f08      0xcaa ..\obj\stm32f4xx_it.o
 .debug_info    0x00007bb2      0x380 ..\obj\usbd_desc.o
 .debug_info    0x00007f32      0x640 ..\obj\stm32f4xx_gpio.o
 .debug_info    0x00008572      0x5f5 ..\obj\system_stm32f4xx.o
 .debug_info    0x00008b67     0x1116 ..\obj\usb_bsp.o
 .debug_info    0x00009c7d     0x10fb ..\obj\usbd_req.o
 .debug_info    0x0000ad78     0x2007 ..\obj\usb_dcd_int.o
 .debug_info    0x0000cd7f      0x373 ..\obj\stm32f4xx_exti.o
 .debug_info    0x0000d0f2      0x592 ..\obj\misc.o
 .debug_info    0x0000d684     0x118a ..\obj\usb_dcd.o
 .debug_info    0x0000e80e      0xde4 ..\obj\usbd_ioreq.o

.debug_abbrev   0x00000000     0x20e2
 .debug_abbrev  0x00000000      0x133 ..\obj\stm32f4xx_syscfg.o
 .debug_abbrev  0x00000133      0x2bc ..\obj\usb_core.o
 .debug_abbrev  0x000003ef       0xdf ..\obj\usbd_usr.o
 .debug_abbrev  0x000004ce       0xd3 ..\obj\startup_stm32f4xx.o
 .debug_abbrev  0x000005a1      0x185 ..\obj\stm32f4_discovery.o
 .debug_abbrev  0x00000726      0x1e1 ..\obj\usbd_hid_core.o
 .debug_abbrev  0x00000907      0x1f2 ..\obj\usbd_core.o
 .debug_abbrev  0x00000af9      0x1af ..\obj\main.o
 .debug_abbrev  0x00000ca8      0x1e5 ..\obj\stm32f4xx_rcc.o
 .debug_abbrev  0x00000e8d      0x14a ..\obj\stm32f4xx_it.o
 .debug_abbrev  0x00000fd7      0x12e ..\obj\usbd_desc.o
 .debug_abbrev  0x00001105      0x1a5 ..\obj\stm32f4xx_gpio.o
 .debug_abbrev  0x000012aa      0x138 ..\obj\system_stm32f4xx.o
 .debug_abbrev  0x000013e2      0x1e6 ..\obj\usb_bsp.o
 .debug_abbrev  0x000015c8      0x268 ..\obj\usbd_req.o
 .debug_abbrev  0x00001830      0x230 ..\obj\usb_dcd_int.o
 .debug_abbrev  0x00001a60      0x1a7 ..\obj\stm32f4xx_exti.o
 .debug_abbrev  0x00001c07      0x129 ..\obj\misc.o
 .debug_abbrev  0x00001d30      0x22e ..\obj\usb_dcd.o
 .debug_abbrev  0x00001f5e      0x184 ..\obj\usbd_ioreq.o

.debug_loc      0x00000000     0x2f18
 .debug_loc     0x00000000      0x144 ..\obj\stm32f4xx_syscfg.o
 .debug_loc     0x00000144      0x7e0 ..\obj\usb_core.o
 .debug_loc     0x00000924       0xe8 ..\obj\usbd_usr.o
 .debug_loc     0x00000a0c       0x64 ..\obj\startup_stm32f4xx.o
 .debug_loc     0x00000a70      0x150 ..\obj\stm32f4_discovery.o
 .debug_loc     0x00000bc0      0x188 ..\obj\usbd_hid_core.o
 .debug_loc     0x00000d48      0x2d8 ..\obj\usbd_core.o
 .debug_loc     0x00001020       0x70 ..\obj\main.o
 .debug_loc     0x00001090      0x97c ..\obj\stm32f4xx_rcc.o
 .debug_loc     0x00001a0c      0x1e4 ..\obj\stm32f4xx_it.o
 .debug_loc     0x00001bf0      0x188 ..\obj\usbd_desc.o
 .debug_loc     0x00001d78      0x310 ..\obj\stm32f4xx_gpio.o
 .debug_loc     0x00002088       0x9c ..\obj\system_stm32f4xx.o
 .debug_loc     0x00002124       0xe0 ..\obj\usb_bsp.o
 .debug_loc     0x00002204      0x310 ..\obj\usbd_req.o
 .debug_loc     0x00002514      0x2d8 ..\obj\usb_dcd_int.o
 .debug_loc     0x000027ec      0x1b4 ..\obj\stm32f4xx_exti.o
 .debug_loc     0x000029a0      0x118 ..\obj\misc.o
 .debug_loc     0x00002ab8      0x2d8 ..\obj\usb_dcd.o
 .debug_loc     0x00002d90      0x188 ..\obj\usbd_ioreq.o

.debug_aranges  0x00000000      0x8c0
 .debug_aranges
                0x00000000       0x48 ..\obj\stm32f4xx_syscfg.o
 .debug_aranges
                0x00000048      0x138 ..\obj\usb_core.o
 .debug_aranges
                0x00000180       0x40 ..\obj\usbd_usr.o
 .debug_aranges
                0x000001c0       0x28 ..\obj\startup_stm32f4xx.o
 .debug_aranges
                0x000001e8       0x48 ..\obj\stm32f4_discovery.o
 .debug_aranges
                0x00000230       0x50 ..\obj\usbd_hid_core.o
 .debug_aranges
                0x00000280       0x80 ..\obj\usbd_core.o
 .debug_aranges
                0x00000300       0x28 ..\obj\main.o
 .debug_aranges
                0x00000328      0x178 ..\obj\stm32f4xx_rcc.o
 .debug_aranges
                0x000004a0       0x70 ..\obj\stm32f4xx_it.o
 .debug_aranges
                0x00000510       0x50 ..\obj\usbd_desc.o
 .debug_aranges
                0x00000560       0x88 ..\obj\stm32f4xx_gpio.o
 .debug_aranges
                0x000005e8       0x30 ..\obj\system_stm32f4xx.o
 .debug_aranges
                0x00000618       0x38 ..\obj\usb_bsp.o
 .debug_aranges
                0x00000650       0x88 ..\obj\usbd_req.o
 .debug_aranges
                0x000006d8       0x80 ..\obj\usb_dcd_int.o
 .debug_aranges
                0x00000758       0x58 ..\obj\stm32f4xx_exti.o
 .debug_aranges
                0x000007b0       0x40 ..\obj\misc.o
 .debug_aranges
                0x000007f0       0x80 ..\obj\usb_dcd.o
 .debug_aranges
                0x00000870       0x50 ..\obj\usbd_ioreq.o

.debug_ranges   0x00000000      0x780
 .debug_ranges  0x00000000       0x38 ..\obj\stm32f4xx_syscfg.o
 .debug_ranges  0x00000038      0x128 ..\obj\usb_core.o
 .debug_ranges  0x00000160       0x30 ..\obj\usbd_usr.o
 .debug_ranges  0x00000190       0x18 ..\obj\startup_stm32f4xx.o
 .debug_ranges  0x000001a8       0x38 ..\obj\stm32f4_discovery.o
 .debug_ranges  0x000001e0       0x40 ..\obj\usbd_hid_core.o
 .debug_ranges  0x00000220       0x70 ..\obj\usbd_core.o
 .debug_ranges  0x00000290       0x18 ..\obj\main.o
 .debug_ranges  0x000002a8      0x168 ..\obj\stm32f4xx_rcc.o
 .debug_ranges  0x00000410       0x60 ..\obj\stm32f4xx_it.o
 .debug_ranges  0x00000470       0x40 ..\obj\usbd_desc.o
 .debug_ranges  0x000004b0       0x78 ..\obj\stm32f4xx_gpio.o
 .debug_ranges  0x00000528       0x20 ..\obj\system_stm32f4xx.o
 .debug_ranges  0x00000548       0x28 ..\obj\usb_bsp.o
 .debug_ranges  0x00000570       0x78 ..\obj\usbd_req.o
 .debug_ranges  0x000005e8       0x70 ..\obj\usb_dcd_int.o
 .debug_ranges  0x00000658       0x48 ..\obj\stm32f4xx_exti.o
 .debug_ranges  0x000006a0       0x30 ..\obj\misc.o
 .debug_ranges  0x000006d0       0x70 ..\obj\usb_dcd.o
 .debug_ranges  0x00000740       0x40 ..\obj\usbd_ioreq.o

.debug_line     0x00000000     0x4623
 .debug_line    0x00000000      0x27b ..\obj\stm32f4xx_syscfg.o
 .debug_line    0x0000027b      0x74d ..\obj\usb_core.o
 .debug_line    0x000009c8      0x22b ..\obj\usbd_usr.o
 .debug_line    0x00000bf3       0xae ..\obj\startup_stm32f4xx.o
 .debug_line    0x00000ca1      0x319 ..\obj\stm32f4_discovery.o
 .debug_line    0x00000fba      0x348 ..\obj\usbd_hid_core.o
 .debug_line    0x00001302      0x417 ..\obj\usbd_core.o
 .debug_line    0x00001719      0x408 ..\obj\main.o
 .debug_line    0x00001b21      0x62f ..\obj\stm32f4xx_rcc.o
 .debug_line    0x00002150      0x2b9 ..\obj\stm32f4xx_it.o
 .debug_line    0x00002409      0x273 ..\obj\usbd_desc.o
 .debug_line    0x0000267c      0x3d3 ..\obj\stm32f4xx_gpio.o
 .debug_line    0x00002a4f      0x260 ..\obj\system_stm32f4xx.o
 .debug_line    0x00002caf      0x368 ..\obj\usb_bsp.o
 .debug_line    0x00003017      0x4d6 ..\obj\usbd_req.o
 .debug_line    0x000034ed      0x447 ..\obj\usb_dcd_int.o
 .debug_line    0x00003934      0x339 ..\obj\stm32f4xx_exti.o
 .debug_line    0x00003c6d      0x2d9 ..\obj\misc.o
 .debug_line    0x00003f46      0x3be ..\obj\usb_dcd.o
 .debug_line    0x00004304      0x31f ..\obj\usbd_ioreq.o

.debug_str      0x00000000     0x3b21
 .debug_str     0x00000000      0x287 ..\obj\stm32f4xx_syscfg.o
                                0x2d4 (size before relaxing)
 .debug_str     0x00000287     0x1282 ..\obj\usb_core.o
                               0x165f (size before relaxing)
 .debug_str     0x00001509       0xc5 ..\obj\usbd_usr.o
                                0x244 (size before relaxing)
 .debug_str     0x000015ce       0xc6 ..\obj\startup_stm32f4xx.o
                                0x12a (size before relaxing)
 .debug_str     0x00001694      0x9f3 ..\obj\stm32f4_discovery.o
                                0xb1c (size before relaxing)
 .debug_str     0x00002087      0x1b5 ..\obj\usbd_hid_core.o
                                0xa23 (size before relaxing)
 .debug_str     0x0000223c      0x1a4 ..\obj\usbd_core.o
                                0xaad (size before relaxing)
 .debug_str     0x000023e0      0x10e ..\obj\main.o
                                0x9fa (size before relaxing)
 .debug_str     0x000024ee      0x6b4 ..\obj\stm32f4xx_rcc.o
                                0x825 (size before relaxing)
 .debug_str     0x00002ba2      0x10e ..\obj\stm32f4xx_it.o
                                0x976 (size before relaxing)
 .debug_str     0x00002cb0      0x16a ..\obj\usbd_desc.o
                                0x347 (size before relaxing)
 .debug_str     0x00002e1a      0x1bd ..\obj\stm32f4xx_gpio.o
                                0x478 (size before relaxing)
 .debug_str     0x00002fd7      0x120 ..\obj\system_stm32f4xx.o
                                0x360 (size before relaxing)
 .debug_str     0x000030f7       0xb3 ..\obj\usb_bsp.o
                               0x1085 (size before relaxing)
 .debug_str     0x000031aa      0x1a8 ..\obj\usbd_req.o
                                0xad8 (size before relaxing)
 .debug_str     0x00003352      0x2ba ..\obj\usb_dcd_int.o
                               0x125d (size before relaxing)
 .debug_str     0x0000360c      0x13f ..\obj\stm32f4xx_exti.o
                                0x343 (size before relaxing)
 .debug_str     0x0000374b      0x193 ..\obj\misc.o
                                0x3ae (size before relaxing)
 .debug_str     0x000038de      0x140 ..\obj\usb_dcd.o
                                0xaff (size before relaxing)
 .debug_str     0x00003a1e      0x103 ..\obj\usbd_ioreq.o
                                0x997 (size before relaxing)

.comment        0x00000000       0x70
 .comment       0x00000000       0x70 ..\obj\stm32f4xx_syscfg.o
                                 0x71 (size before relaxing)
 .comment       0x00000000       0x71 ..\obj\usb_core.o
 .comment       0x00000000       0x71 ..\obj\usbd_usr.o
 .comment       0x00000000       0x71 ..\obj\startup_stm32f4xx.o
 .comment       0x00000000       0x71 ..\obj\stm32f4_discovery.o
 .comment       0x00000000       0x71 ..\obj\usbd_hid_core.o
 .comment       0x00000000       0x71 ..\obj\usbd_core.o
 .comment       0x00000000       0x71 ..\obj\main.o
 .comment       0x00000000       0x71 ..\obj\stm32f4xx_rcc.o
 .comment       0x00000000       0x71 ..\obj\stm32f4xx_it.o
 .comment       0x00000000       0x71 ..\obj\usbd_desc.o
 .comment       0x00000000       0x71 ..\obj\stm32f4xx_gpio.o
 .comment       0x00000000       0x71 ..\obj\system_stm32f4xx.o
 .comment       0x00000000       0x71 ..\obj\usb_bsp.o
 .comment       0x00000000       0x71 ..\obj\usbd_req.o
 .comment       0x00000000       0x71 ..\obj\usb_dcd_int.o
 .comment       0x00000000       0x71 ..\obj\stm32f4xx_exti.o
 .comment       0x00000000       0x71 ..\obj\misc.o
 .comment       0x00000000       0x71 ..\obj\usb_dcd.o
 .comment       0x00000000       0x71 ..\obj\usbd_ioreq.o

.ARM.attributes
                0x00000000       0x33
 .ARM.attributes
                0x00000000       0x33 ..\obj\stm32f4xx_syscfg.o
 .ARM.attributes
                0x00000033       0x33 ..\obj\usb_core.o
 .ARM.attributes
                0x00000066       0x33 ..\obj\usbd_usr.o
 .ARM.attributes
                0x00000099       0x33 ..\obj\startup_stm32f4xx.o
 .ARM.attributes
                0x000000cc       0x33 ..\obj\stm32f4_discovery.o
 .ARM.attributes
                0x000000ff       0x33 ..\obj\usbd_hid_core.o
 .ARM.attributes
                0x00000132       0x33 ..\obj\usbd_core.o
 .ARM.attributes
                0x00000165       0x33 ..\obj\main.o
 .ARM.attributes
                0x00000198       0x33 ..\obj\stm32f4xx_rcc.o
 .ARM.attributes
                0x000001cb       0x33 ..\obj\stm32f4xx_it.o
 .ARM.attributes
                0x000001fe       0x33 ..\obj\usbd_desc.o
 .ARM.attributes
                0x00000231       0x33 ..\obj\stm32f4xx_gpio.o
 .ARM.attributes
                0x00000264       0x33 ..\obj\system_stm32f4xx.o
 .ARM.attributes
                0x00000297       0x33 ..\obj\usb_bsp.o
 .ARM.attributes
                0x000002ca       0x33 ..\obj\usbd_req.o
 .ARM.attributes
                0x000002fd       0x33 ..\obj\usb_dcd_int.o
 .ARM.attributes
                0x00000330       0x33 ..\obj\stm32f4xx_exti.o
 .ARM.attributes
                0x00000363       0x33 ..\obj\misc.o
 .ARM.attributes
                0x00000396       0x33 ..\obj\usb_dcd.o
 .ARM.attributes
                0x000003c9       0x33 ..\obj\usbd_ioreq.o

.debug_frame    0x00000000     0x1a6c
 .debug_frame   0x00000000       0xbc ..\obj\stm32f4xx_syscfg.o
 .debug_frame   0x000000bc      0x434 ..\obj\usb_core.o
 .debug_frame   0x000004f0       0x8c ..\obj\usbd_usr.o
 .debug_frame   0x0000057c       0x48 ..\obj\startup_stm32f4xx.o
 .debug_frame   0x000005c4       0xc4 ..\obj\stm32f4_discovery.o
 .debug_frame   0x00000688       0xec ..\obj\usbd_hid_core.o
 .debug_frame   0x00000774      0x1ac ..\obj\usbd_core.o
 .debug_frame   0x00000920       0x4c ..\obj\main.o
 .debug_frame   0x0000096c      0x4d8 ..\obj\stm32f4xx_rcc.o
 .debug_frame   0x00000e44      0x120 ..\obj\stm32f4xx_it.o
 .debug_frame   0x00000f64       0xe8 ..\obj\usbd_desc.o
 .debug_frame   0x0000104c      0x19c ..\obj\stm32f4xx_gpio.o
 .debug_frame   0x000011e8       0x64 ..\obj\system_stm32f4xx.o
 .debug_frame   0x0000124c       0x8c ..\obj\usb_bsp.o
 .debug_frame   0x000012d8      0x1c8 ..\obj\usbd_req.o
 .debug_frame   0x000014a0      0x1ac ..\obj\usb_dcd_int.o
 .debug_frame   0x0000164c       0xec ..\obj\stm32f4xx_exti.o
 .debug_frame   0x00001738       0x9c ..\obj\misc.o
 .debug_frame   0x000017d4      0x1ac ..\obj\usb_dcd.o
 .debug_frame   0x00001980       0xec ..\obj\usbd_ioreq.o
